// Jest Snapshot v1, https://goo.gl/fbAQLP

exports[`composition as should render correctly 1`] = `
.emotion-1 {
  margin: unset;
  padding: unset;
  border: unset;
  background: unset;
  font: unset;
  font-family: inherit;
  font-size: 100%;
  box-sizing: border-box;
}

.emotion-1:focus:not(:focus-visible) {
  outline: none;
}

.emotion-0 {
  font-family: system-ui,-apple-system,BlinkMacSystemFont,'Segoe UI',Roboto,Oxygen,Ubuntu,Cantarell,'Fira Sans','Droid Sans','Helvetica Neue',sans-serif;
  font-weight: 700;
  line-height: 1.2;
}

.emotion-0:not(:last-child) {
  margin-bottom: 1rem;
}

.heading.emotion-0 + .sub-heading {
  margin-top: -0.5em;
}

h1.emotion-0 {
  font-size: 3rem;
}

@media screen and (max-width:767px) {
  h1.emotion-0 {
    font-size: 2.5rem;
  }
}

h2.emotion-0 {
  font-size: 2.5rem;
}

@media screen and (max-width:767px) {
  h2.emotion-0 {
    font-size: 2rem;
  }
}

h3.emotion-0 {
  font-size: 2rem;
}

@media screen and (max-width:767px) {
  h3.emotion-0 {
    font-size: 1.5rem;
  }
}

h4.emotion-0 {
  font-size: 1.5rem;
}

@media screen and (max-width:767px) {
  h4.emotion-0 {
    font-size: 1.25rem;
  }
}

h5.emotion-0 {
  font-size: 1.25rem;
}

@media screen and (max-width:767px) {
  h5.emotion-0 {
    font-size: 1.125rem;
  }
}

h6.emotion-0 {
  font-size: 1rem;
}

.emotion-0 .fp-Icon {
  vertical-align: -0.125em;
}

<p
  class="emotion-0 emotion-1 emotion-2 fp-Box fp-Heading heading"
>
  Hello world
</p>
`;

exports[`composition hook should return with Heading props 1`] = `
Object {
  "className": "css-1rxws0n css-4lfl7m css-1yuzjtp fp-Box fp-Heading heading",
}
`;

exports[`composition render props should render correctly 1`] = `
.emotion-1 {
  margin: unset;
  padding: unset;
  border: unset;
  background: unset;
  font: unset;
  font-family: inherit;
  font-size: 100%;
  box-sizing: border-box;
}

.emotion-1:focus:not(:focus-visible) {
  outline: none;
}

.emotion-0 {
  font-family: system-ui,-apple-system,BlinkMacSystemFont,'Segoe UI',Roboto,Oxygen,Ubuntu,Cantarell,'Fira Sans','Droid Sans','Helvetica Neue',sans-serif;
  font-weight: 700;
  line-height: 1.2;
}

.emotion-0:not(:last-child) {
  margin-bottom: 1rem;
}

.heading.emotion-0 + .sub-heading {
  margin-top: -0.5em;
}

h1.emotion-0 {
  font-size: 3rem;
}

@media screen and (max-width:767px) {
  h1.emotion-0 {
    font-size: 2.5rem;
  }
}

h2.emotion-0 {
  font-size: 2.5rem;
}

@media screen and (max-width:767px) {
  h2.emotion-0 {
    font-size: 2rem;
  }
}

h3.emotion-0 {
  font-size: 2rem;
}

@media screen and (max-width:767px) {
  h3.emotion-0 {
    font-size: 1.5rem;
  }
}

h4.emotion-0 {
  font-size: 1.5rem;
}

@media screen and (max-width:767px) {
  h4.emotion-0 {
    font-size: 1.25rem;
  }
}

h5.emotion-0 {
  font-size: 1.25rem;
}

@media screen and (max-width:767px) {
  h5.emotion-0 {
    font-size: 1.125rem;
  }
}

h6.emotion-0 {
  font-size: 1rem;
}

.emotion-0 .fp-Icon {
  vertical-align: -0.125em;
}

<div
  class="emotion-0 emotion-1 emotion-2 fp-Box fp-Heading heading"
>
  Hello world
</div>
`;

exports[`defaultProps should render correctly for className 1`] = `
.emotion-1 {
  margin: unset;
  padding: unset;
  border: unset;
  background: unset;
  font: unset;
  font-family: inherit;
  font-size: 100%;
  box-sizing: border-box;
}

.emotion-1:focus:not(:focus-visible) {
  outline: none;
}

.emotion-0 {
  font-family: system-ui,-apple-system,BlinkMacSystemFont,'Segoe UI',Roboto,Oxygen,Ubuntu,Cantarell,'Fira Sans','Droid Sans','Helvetica Neue',sans-serif;
  font-weight: 700;
  line-height: 1.2;
}

.emotion-0:not(:last-child) {
  margin-bottom: 1rem;
}

.heading.emotion-0 + .sub-heading {
  margin-top: -0.5em;
}

h1.emotion-0 {
  font-size: 3rem;
}

@media screen and (max-width:767px) {
  h1.emotion-0 {
    font-size: 2.5rem;
  }
}

h2.emotion-0 {
  font-size: 2.5rem;
}

@media screen and (max-width:767px) {
  h2.emotion-0 {
    font-size: 2rem;
  }
}

h3.emotion-0 {
  font-size: 2rem;
}

@media screen and (max-width:767px) {
  h3.emotion-0 {
    font-size: 1.5rem;
  }
}

h4.emotion-0 {
  font-size: 1.5rem;
}

@media screen and (max-width:767px) {
  h4.emotion-0 {
    font-size: 1.25rem;
  }
}

h5.emotion-0 {
  font-size: 1.25rem;
}

@media screen and (max-width:767px) {
  h5.emotion-0 {
    font-size: 1.125rem;
  }
}

h6.emotion-0 {
  font-size: 1rem;
}

.emotion-0 {
  font-weight: 600;
}

.emotion-0 .fp-Icon {
  vertical-align: -0.125em;
}

<h1
  class="emotion-0 emotion-1 emotion-2 test fp-Box fp-Heading sub-heading"
>
  hello world
</h1>
`;

exports[`overrides Heading.base should render correctly 1`] = `
.emotion-1 {
  margin: unset;
  padding: unset;
  border: unset;
  background: unset;
  font: unset;
  font-family: inherit;
  font-size: 100%;
  box-sizing: border-box;
}

.emotion-1:focus:not(:focus-visible) {
  outline: none;
}

.emotion-0 {
  font-family: system-ui,-apple-system,BlinkMacSystemFont,'Segoe UI',Roboto,Oxygen,Ubuntu,Cantarell,'Fira Sans','Droid Sans','Helvetica Neue',sans-serif;
  font-weight: 700;
  line-height: 1.2;
}

.emotion-0:not(:last-child) {
  margin-bottom: 1rem;
}

.heading.emotion-0 + .sub-heading {
  margin-top: -0.5em;
}

h1.emotion-0 {
  font-size: 3rem;
}

@media screen and (max-width:767px) {
  h1.emotion-0 {
    font-size: 2.5rem;
  }
}

h2.emotion-0 {
  font-size: 2.5rem;
}

@media screen and (max-width:767px) {
  h2.emotion-0 {
    font-size: 2rem;
  }
}

h3.emotion-0 {
  font-size: 2rem;
}

@media screen and (max-width:767px) {
  h3.emotion-0 {
    font-size: 1.5rem;
  }
}

h4.emotion-0 {
  font-size: 1.5rem;
}

@media screen and (max-width:767px) {
  h4.emotion-0 {
    font-size: 1.25rem;
  }
}

h5.emotion-0 {
  font-size: 1.25rem;
}

@media screen and (max-width:767px) {
  h5.emotion-0 {
    font-size: 1.125rem;
  }
}

h6.emotion-0 {
  font-size: 1rem;
}

.emotion-0 .fp-Icon {
  vertical-align: -0.125em;
}

.emotion-0.emotion-0 {
  background-color: #ff0000;
}

<h1
  class="emotion-0 emotion-1 emotion-2 fp-Box fp-Heading heading"
>
  hello world
</h1>
`;

exports[`overrides Heading.h1 should render correctly 1`] = `
.emotion-1 {
  margin: unset;
  padding: unset;
  border: unset;
  background: unset;
  font: unset;
  font-family: inherit;
  font-size: 100%;
  box-sizing: border-box;
}

.emotion-1:focus:not(:focus-visible) {
  outline: none;
}

.emotion-0 {
  font-family: system-ui,-apple-system,BlinkMacSystemFont,'Segoe UI',Roboto,Oxygen,Ubuntu,Cantarell,'Fira Sans','Droid Sans','Helvetica Neue',sans-serif;
  font-weight: 700;
  line-height: 1.2;
}

.emotion-0:not(:last-child) {
  margin-bottom: 1rem;
}

.heading.emotion-0 + .sub-heading {
  margin-top: -0.5em;
}

h1.emotion-0 {
  font-size: 3rem;
}

h1.emotion-0h1.emotion-0 {
  background-color: #ff0000;
}

@media screen and (max-width:767px) {
  h1.emotion-0 {
    font-size: 2.5rem;
  }
}

h2.emotion-0 {
  font-size: 2.5rem;
}

@media screen and (max-width:767px) {
  h2.emotion-0 {
    font-size: 2rem;
  }
}

h3.emotion-0 {
  font-size: 2rem;
}

@media screen and (max-width:767px) {
  h3.emotion-0 {
    font-size: 1.5rem;
  }
}

h4.emotion-0 {
  font-size: 1.5rem;
}

@media screen and (max-width:767px) {
  h4.emotion-0 {
    font-size: 1.25rem;
  }
}

h5.emotion-0 {
  font-size: 1.25rem;
}

@media screen and (max-width:767px) {
  h5.emotion-0 {
    font-size: 1.125rem;
  }
}

h6.emotion-0 {
  font-size: 1rem;
}

.emotion-0 .fp-Icon {
  vertical-align: -0.125em;
}

<h1
  class="emotion-0 emotion-1 emotion-2 fp-Box fp-Heading heading"
>
  hello world
</h1>
`;

exports[`overrides Heading.h2 should render correctly 1`] = `
.emotion-1 {
  margin: unset;
  padding: unset;
  border: unset;
  background: unset;
  font: unset;
  font-family: inherit;
  font-size: 100%;
  box-sizing: border-box;
}

.emotion-1:focus:not(:focus-visible) {
  outline: none;
}

.emotion-0 {
  font-family: system-ui,-apple-system,BlinkMacSystemFont,'Segoe UI',Roboto,Oxygen,Ubuntu,Cantarell,'Fira Sans','Droid Sans','Helvetica Neue',sans-serif;
  font-weight: 700;
  line-height: 1.2;
}

.emotion-0:not(:last-child) {
  margin-bottom: 1rem;
}

.heading.emotion-0 + .sub-heading {
  margin-top: -0.5em;
}

h1.emotion-0 {
  font-size: 3rem;
}

@media screen and (max-width:767px) {
  h1.emotion-0 {
    font-size: 2.5rem;
  }
}

h2.emotion-0 {
  font-size: 2.5rem;
}

h2.emotion-0h2.emotion-0 {
  background-color: #ff0000;
}

@media screen and (max-width:767px) {
  h2.emotion-0 {
    font-size: 2rem;
  }
}

h3.emotion-0 {
  font-size: 2rem;
}

@media screen and (max-width:767px) {
  h3.emotion-0 {
    font-size: 1.5rem;
  }
}

h4.emotion-0 {
  font-size: 1.5rem;
}

@media screen and (max-width:767px) {
  h4.emotion-0 {
    font-size: 1.25rem;
  }
}

h5.emotion-0 {
  font-size: 1.25rem;
}

@media screen and (max-width:767px) {
  h5.emotion-0 {
    font-size: 1.125rem;
  }
}

h6.emotion-0 {
  font-size: 1rem;
}

.emotion-0 .fp-Icon {
  vertical-align: -0.125em;
}

<h1
  class="emotion-0 emotion-1 emotion-2 fp-Box fp-Heading heading"
>
  hello world
</h1>
`;

exports[`overrides Heading.h3 should render correctly 1`] = `
.emotion-1 {
  margin: unset;
  padding: unset;
  border: unset;
  background: unset;
  font: unset;
  font-family: inherit;
  font-size: 100%;
  box-sizing: border-box;
}

.emotion-1:focus:not(:focus-visible) {
  outline: none;
}

.emotion-0 {
  font-family: system-ui,-apple-system,BlinkMacSystemFont,'Segoe UI',Roboto,Oxygen,Ubuntu,Cantarell,'Fira Sans','Droid Sans','Helvetica Neue',sans-serif;
  font-weight: 700;
  line-height: 1.2;
}

.emotion-0:not(:last-child) {
  margin-bottom: 1rem;
}

.heading.emotion-0 + .sub-heading {
  margin-top: -0.5em;
}

h1.emotion-0 {
  font-size: 3rem;
}

@media screen and (max-width:767px) {
  h1.emotion-0 {
    font-size: 2.5rem;
  }
}

h2.emotion-0 {
  font-size: 2.5rem;
}

@media screen and (max-width:767px) {
  h2.emotion-0 {
    font-size: 2rem;
  }
}

h3.emotion-0 {
  font-size: 2rem;
}

h3.emotion-0h3.emotion-0 {
  background-color: #ff0000;
}

@media screen and (max-width:767px) {
  h3.emotion-0 {
    font-size: 1.5rem;
  }
}

h4.emotion-0 {
  font-size: 1.5rem;
}

@media screen and (max-width:767px) {
  h4.emotion-0 {
    font-size: 1.25rem;
  }
}

h5.emotion-0 {
  font-size: 1.25rem;
}

@media screen and (max-width:767px) {
  h5.emotion-0 {
    font-size: 1.125rem;
  }
}

h6.emotion-0 {
  font-size: 1rem;
}

.emotion-0 .fp-Icon {
  vertical-align: -0.125em;
}

<h1
  class="emotion-0 emotion-1 emotion-2 fp-Box fp-Heading heading"
>
  hello world
</h1>
`;

exports[`overrides Heading.h4 should render correctly 1`] = `
.emotion-1 {
  margin: unset;
  padding: unset;
  border: unset;
  background: unset;
  font: unset;
  font-family: inherit;
  font-size: 100%;
  box-sizing: border-box;
}

.emotion-1:focus:not(:focus-visible) {
  outline: none;
}

.emotion-0 {
  font-family: system-ui,-apple-system,BlinkMacSystemFont,'Segoe UI',Roboto,Oxygen,Ubuntu,Cantarell,'Fira Sans','Droid Sans','Helvetica Neue',sans-serif;
  font-weight: 700;
  line-height: 1.2;
}

.emotion-0:not(:last-child) {
  margin-bottom: 1rem;
}

.heading.emotion-0 + .sub-heading {
  margin-top: -0.5em;
}

h1.emotion-0 {
  font-size: 3rem;
}

@media screen and (max-width:767px) {
  h1.emotion-0 {
    font-size: 2.5rem;
  }
}

h2.emotion-0 {
  font-size: 2.5rem;
}

@media screen and (max-width:767px) {
  h2.emotion-0 {
    font-size: 2rem;
  }
}

h3.emotion-0 {
  font-size: 2rem;
}

@media screen and (max-width:767px) {
  h3.emotion-0 {
    font-size: 1.5rem;
  }
}

h4.emotion-0 {
  font-size: 1.5rem;
}

h4.emotion-0h4.emotion-0 {
  background-color: #ff0000;
}

@media screen and (max-width:767px) {
  h4.emotion-0 {
    font-size: 1.25rem;
  }
}

h5.emotion-0 {
  font-size: 1.25rem;
}

@media screen and (max-width:767px) {
  h5.emotion-0 {
    font-size: 1.125rem;
  }
}

h6.emotion-0 {
  font-size: 1rem;
}

.emotion-0 .fp-Icon {
  vertical-align: -0.125em;
}

<h1
  class="emotion-0 emotion-1 emotion-2 fp-Box fp-Heading heading"
>
  hello world
</h1>
`;

exports[`overrides Heading.h5 should render correctly 1`] = `
.emotion-1 {
  margin: unset;
  padding: unset;
  border: unset;
  background: unset;
  font: unset;
  font-family: inherit;
  font-size: 100%;
  box-sizing: border-box;
}

.emotion-1:focus:not(:focus-visible) {
  outline: none;
}

.emotion-0 {
  font-family: system-ui,-apple-system,BlinkMacSystemFont,'Segoe UI',Roboto,Oxygen,Ubuntu,Cantarell,'Fira Sans','Droid Sans','Helvetica Neue',sans-serif;
  font-weight: 700;
  line-height: 1.2;
}

.emotion-0:not(:last-child) {
  margin-bottom: 1rem;
}

.heading.emotion-0 + .sub-heading {
  margin-top: -0.5em;
}

h1.emotion-0 {
  font-size: 3rem;
}

@media screen and (max-width:767px) {
  h1.emotion-0 {
    font-size: 2.5rem;
  }
}

h2.emotion-0 {
  font-size: 2.5rem;
}

@media screen and (max-width:767px) {
  h2.emotion-0 {
    font-size: 2rem;
  }
}

h3.emotion-0 {
  font-size: 2rem;
}

@media screen and (max-width:767px) {
  h3.emotion-0 {
    font-size: 1.5rem;
  }
}

h4.emotion-0 {
  font-size: 1.5rem;
}

@media screen and (max-width:767px) {
  h4.emotion-0 {
    font-size: 1.25rem;
  }
}

h5.emotion-0 {
  font-size: 1.25rem;
}

h5.emotion-0h5.emotion-0 {
  background-color: #ff0000;
}

@media screen and (max-width:767px) {
  h5.emotion-0 {
    font-size: 1.125rem;
  }
}

h6.emotion-0 {
  font-size: 1rem;
}

.emotion-0 .fp-Icon {
  vertical-align: -0.125em;
}

<h1
  class="emotion-0 emotion-1 emotion-2 fp-Box fp-Heading heading"
>
  hello world
</h1>
`;

exports[`overrides Heading.h6 should render correctly 1`] = `
.emotion-1 {
  margin: unset;
  padding: unset;
  border: unset;
  background: unset;
  font: unset;
  font-family: inherit;
  font-size: 100%;
  box-sizing: border-box;
}

.emotion-1:focus:not(:focus-visible) {
  outline: none;
}

.emotion-0 {
  font-family: system-ui,-apple-system,BlinkMacSystemFont,'Segoe UI',Roboto,Oxygen,Ubuntu,Cantarell,'Fira Sans','Droid Sans','Helvetica Neue',sans-serif;
  font-weight: 700;
  line-height: 1.2;
}

.emotion-0:not(:last-child) {
  margin-bottom: 1rem;
}

.heading.emotion-0 + .sub-heading {
  margin-top: -0.5em;
}

h1.emotion-0 {
  font-size: 3rem;
}

@media screen and (max-width:767px) {
  h1.emotion-0 {
    font-size: 2.5rem;
  }
}

h2.emotion-0 {
  font-size: 2.5rem;
}

@media screen and (max-width:767px) {
  h2.emotion-0 {
    font-size: 2rem;
  }
}

h3.emotion-0 {
  font-size: 2rem;
}

@media screen and (max-width:767px) {
  h3.emotion-0 {
    font-size: 1.5rem;
  }
}

h4.emotion-0 {
  font-size: 1.5rem;
}

@media screen and (max-width:767px) {
  h4.emotion-0 {
    font-size: 1.25rem;
  }
}

h5.emotion-0 {
  font-size: 1.25rem;
}

@media screen and (max-width:767px) {
  h5.emotion-0 {
    font-size: 1.125rem;
  }
}

h6.emotion-0 {
  font-size: 1rem;
}

h6.emotion-0h6.emotion-0 {
  background-color: #ff0000;
}

.emotion-0 .fp-Icon {
  vertical-align: -0.125em;
}

<h1
  class="emotion-0 emotion-1 emotion-2 fp-Box fp-Heading heading"
>
  hello world
</h1>
`;

exports[`overrides Heading.subHeading should render correctly 1`] = `
.emotion-1 {
  margin: unset;
  padding: unset;
  border: unset;
  background: unset;
  font: unset;
  font-family: inherit;
  font-size: 100%;
  box-sizing: border-box;
}

.emotion-1:focus:not(:focus-visible) {
  outline: none;
}

.emotion-0 {
  font-family: system-ui,-apple-system,BlinkMacSystemFont,'Segoe UI',Roboto,Oxygen,Ubuntu,Cantarell,'Fira Sans','Droid Sans','Helvetica Neue',sans-serif;
  font-weight: 700;
  line-height: 1.2;
}

.emotion-0:not(:last-child) {
  margin-bottom: 1rem;
}

.heading.emotion-0 + .sub-heading {
  margin-top: -0.5em;
}

h1.emotion-0 {
  font-size: 3rem;
}

@media screen and (max-width:767px) {
  h1.emotion-0 {
    font-size: 2.5rem;
  }
}

h2.emotion-0 {
  font-size: 2.5rem;
}

@media screen and (max-width:767px) {
  h2.emotion-0 {
    font-size: 2rem;
  }
}

h3.emotion-0 {
  font-size: 2rem;
}

@media screen and (max-width:767px) {
  h3.emotion-0 {
    font-size: 1.5rem;
  }
}

h4.emotion-0 {
  font-size: 1.5rem;
}

@media screen and (max-width:767px) {
  h4.emotion-0 {
    font-size: 1.25rem;
  }
}

h5.emotion-0 {
  font-size: 1.25rem;
}

@media screen and (max-width:767px) {
  h5.emotion-0 {
    font-size: 1.125rem;
  }
}

h6.emotion-0 {
  font-size: 1rem;
}

.emotion-0 {
  font-weight: 600;
}

.emotion-0.emotion-0 {
  background-color: #ff0000;
}

.emotion-0 .fp-Icon {
  vertical-align: -0.125em;
}

<h1
  class="emotion-0 emotion-1 emotion-2 fp-Box fp-Heading sub-heading"
>
  hello world
</h1>
`;

exports[`props should render correctly 1`] = `
.emotion-1 {
  margin: unset;
  padding: unset;
  border: unset;
  background: unset;
  font: unset;
  font-family: inherit;
  font-size: 100%;
  box-sizing: border-box;
}

.emotion-1:focus:not(:focus-visible) {
  outline: none;
}

.emotion-0 {
  font-family: system-ui,-apple-system,BlinkMacSystemFont,'Segoe UI',Roboto,Oxygen,Ubuntu,Cantarell,'Fira Sans','Droid Sans','Helvetica Neue',sans-serif;
  font-weight: 700;
  line-height: 1.2;
}

.emotion-0:not(:last-child) {
  margin-bottom: 1rem;
}

.heading.emotion-0 + .sub-heading {
  margin-top: -0.5em;
}

h1.emotion-0 {
  font-size: 3rem;
}

@media screen and (max-width:767px) {
  h1.emotion-0 {
    font-size: 2.5rem;
  }
}

h2.emotion-0 {
  font-size: 2.5rem;
}

@media screen and (max-width:767px) {
  h2.emotion-0 {
    font-size: 2rem;
  }
}

h3.emotion-0 {
  font-size: 2rem;
}

@media screen and (max-width:767px) {
  h3.emotion-0 {
    font-size: 1.5rem;
  }
}

h4.emotion-0 {
  font-size: 1.5rem;
}

@media screen and (max-width:767px) {
  h4.emotion-0 {
    font-size: 1.25rem;
  }
}

h5.emotion-0 {
  font-size: 1.25rem;
}

@media screen and (max-width:767px) {
  h5.emotion-0 {
    font-size: 1.125rem;
  }
}

h6.emotion-0 {
  font-size: 1rem;
}

.emotion-0 .fp-Icon {
  vertical-align: -0.125em;
}

<h1
  class="emotion-0 emotion-1 emotion-2 fp-Box fp-Heading heading"
>
  Hello world
</h1>
`;

exports[`props should render correctly with CSS props 1`] = `
.emotion-1 {
  margin: unset;
  padding: unset;
  border: unset;
  background: unset;
  font: unset;
  font-family: inherit;
  font-size: 100%;
  box-sizing: border-box;
}

.emotion-1:focus:not(:focus-visible) {
  outline: none;
}

.emotion-0 {
  font-family: system-ui,-apple-system,BlinkMacSystemFont,'Segoe UI',Roboto,Oxygen,Ubuntu,Cantarell,'Fira Sans','Droid Sans','Helvetica Neue',sans-serif;
  font-weight: 700;
  line-height: 1.2;
}

.emotion-0:not(:last-child) {
  margin-bottom: 1rem;
}

.heading.emotion-0 + .sub-heading {
  margin-top: -0.5em;
}

h1.emotion-0 {
  font-size: 3rem;
}

@media screen and (max-width:767px) {
  h1.emotion-0 {
    font-size: 2.5rem;
  }
}

h2.emotion-0 {
  font-size: 2.5rem;
}

@media screen and (max-width:767px) {
  h2.emotion-0 {
    font-size: 2rem;
  }
}

h3.emotion-0 {
  font-size: 2rem;
}

@media screen and (max-width:767px) {
  h3.emotion-0 {
    font-size: 1.5rem;
  }
}

h4.emotion-0 {
  font-size: 1.5rem;
}

@media screen and (max-width:767px) {
  h4.emotion-0 {
    font-size: 1.25rem;
  }
}

h5.emotion-0 {
  font-size: 1.25rem;
}

@media screen and (max-width:767px) {
  h5.emotion-0 {
    font-size: 1.125rem;
  }
}

h6.emotion-0 {
  font-size: 1rem;
}

.emotion-0 .fp-Icon {
  vertical-align: -0.125em;
}

.emotion-2 {
  color: #574feb !important;
}

<h1
  class="emotion-0 emotion-1 emotion-2 fp-Box fp-Heading heading"
>
  Hello world
</h1>
`;

exports[`props should render correctly with shrinkBelow 1`] = `
.emotion-1 {
  margin: unset;
  padding: unset;
  border: unset;
  background: unset;
  font: unset;
  font-family: inherit;
  font-size: 100%;
  box-sizing: border-box;
}

.emotion-1:focus:not(:focus-visible) {
  outline: none;
}

.emotion-0 {
  font-family: system-ui,-apple-system,BlinkMacSystemFont,'Segoe UI',Roboto,Oxygen,Ubuntu,Cantarell,'Fira Sans','Droid Sans','Helvetica Neue',sans-serif;
  font-weight: 700;
  line-height: 1.2;
}

.emotion-0:not(:last-child) {
  margin-bottom: 1rem;
}

.heading.emotion-0 + .sub-heading {
  margin-top: -0.5em;
}

h1.emotion-0 {
  font-size: 3rem;
}

@media screen and (max-width:1023px) {
  h1.emotion-0 {
    font-size: 2.5rem;
  }
}

h2.emotion-0 {
  font-size: 2.5rem;
}

@media screen and (max-width:1023px) {
  h2.emotion-0 {
    font-size: 2rem;
  }
}

h3.emotion-0 {
  font-size: 2rem;
}

@media screen and (max-width:1023px) {
  h3.emotion-0 {
    font-size: 1.5rem;
  }
}

h4.emotion-0 {
  font-size: 1.5rem;
}

@media screen and (max-width:1023px) {
  h4.emotion-0 {
    font-size: 1.25rem;
  }
}

h5.emotion-0 {
  font-size: 1.25rem;
}

@media screen and (max-width:1023px) {
  h5.emotion-0 {
    font-size: 1.125rem;
  }
}

h6.emotion-0 {
  font-size: 1rem;
}

.emotion-0 .fp-Icon {
  vertical-align: -0.125em;
}

<h1
  class="emotion-0 emotion-1 emotion-2 fp-Box fp-Heading heading"
>
  Hello world
</h1>
`;

exports[`theming Heading.base should render correctly 1`] = `
.emotion-1 {
  margin: unset;
  padding: unset;
  border: unset;
  background: unset;
  font: unset;
  font-family: inherit;
  font-size: 100%;
  box-sizing: border-box;
}

.emotion-1:focus:not(:focus-visible) {
  outline: none;
}

.emotion-0 {
  font-family: system-ui,-apple-system,BlinkMacSystemFont,'Segoe UI',Roboto,Oxygen,Ubuntu,Cantarell,'Fira Sans','Droid Sans','Helvetica Neue',sans-serif;
  font-weight: 700;
  line-height: 1.2;
}

.emotion-0:not(:last-child) {
  margin-bottom: 1rem;
}

.heading.emotion-0 + .sub-heading {
  margin-top: -0.5em;
}

h1.emotion-0 {
  font-size: 3rem;
}

@media screen and (max-width:767px) {
  h1.emotion-0 {
    font-size: 2.5rem;
  }
}

h2.emotion-0 {
  font-size: 2.5rem;
}

@media screen and (max-width:767px) {
  h2.emotion-0 {
    font-size: 2rem;
  }
}

h3.emotion-0 {
  font-size: 2rem;
}

@media screen and (max-width:767px) {
  h3.emotion-0 {
    font-size: 1.5rem;
  }
}

h4.emotion-0 {
  font-size: 1.5rem;
}

@media screen and (max-width:767px) {
  h4.emotion-0 {
    font-size: 1.25rem;
  }
}

h5.emotion-0 {
  font-size: 1.25rem;
}

@media screen and (max-width:767px) {
  h5.emotion-0 {
    font-size: 1.125rem;
  }
}

h6.emotion-0 {
  font-size: 1rem;
}

.emotion-0 .fp-Icon {
  vertical-align: -0.125em;
}

.emotion-0.emotion-0 {
  background-color: #ff0000;
}

<h1
  class="emotion-0 emotion-1 emotion-2 fp-Box fp-Heading heading"
>
  hello world
</h1>
`;

exports[`theming Heading.h1.base should render correctly 1`] = `
.emotion-1 {
  margin: unset;
  padding: unset;
  border: unset;
  background: unset;
  font: unset;
  font-family: inherit;
  font-size: 100%;
  box-sizing: border-box;
}

.emotion-1:focus:not(:focus-visible) {
  outline: none;
}

.emotion-0 {
  font-family: system-ui,-apple-system,BlinkMacSystemFont,'Segoe UI',Roboto,Oxygen,Ubuntu,Cantarell,'Fira Sans','Droid Sans','Helvetica Neue',sans-serif;
  font-weight: 700;
  line-height: 1.2;
}

.emotion-0:not(:last-child) {
  margin-bottom: 1rem;
}

.heading.emotion-0 + .sub-heading {
  margin-top: -0.5em;
}

h1.emotion-0 {
  font-size: 3rem;
}

h1.emotion-0h1.emotion-0 {
  background-color: #ff0000;
}

@media screen and (max-width:767px) {
  h1.emotion-0 {
    font-size: 2.5rem;
  }
}

h2.emotion-0 {
  font-size: 2.5rem;
}

@media screen and (max-width:767px) {
  h2.emotion-0 {
    font-size: 2rem;
  }
}

h3.emotion-0 {
  font-size: 2rem;
}

@media screen and (max-width:767px) {
  h3.emotion-0 {
    font-size: 1.5rem;
  }
}

h4.emotion-0 {
  font-size: 1.5rem;
}

@media screen and (max-width:767px) {
  h4.emotion-0 {
    font-size: 1.25rem;
  }
}

h5.emotion-0 {
  font-size: 1.25rem;
}

@media screen and (max-width:767px) {
  h5.emotion-0 {
    font-size: 1.125rem;
  }
}

h6.emotion-0 {
  font-size: 1rem;
}

.emotion-0 .fp-Icon {
  vertical-align: -0.125em;
}

<h1
  class="emotion-0 emotion-1 emotion-2 fp-Box fp-Heading heading"
>
  hello world
</h1>
`;

exports[`theming Heading.h2.base should render correctly 1`] = `
.emotion-1 {
  margin: unset;
  padding: unset;
  border: unset;
  background: unset;
  font: unset;
  font-family: inherit;
  font-size: 100%;
  box-sizing: border-box;
}

.emotion-1:focus:not(:focus-visible) {
  outline: none;
}

.emotion-0 {
  font-family: system-ui,-apple-system,BlinkMacSystemFont,'Segoe UI',Roboto,Oxygen,Ubuntu,Cantarell,'Fira Sans','Droid Sans','Helvetica Neue',sans-serif;
  font-weight: 700;
  line-height: 1.2;
}

.emotion-0:not(:last-child) {
  margin-bottom: 1rem;
}

.heading.emotion-0 + .sub-heading {
  margin-top: -0.5em;
}

h1.emotion-0 {
  font-size: 3rem;
}

@media screen and (max-width:767px) {
  h1.emotion-0 {
    font-size: 2.5rem;
  }
}

h2.emotion-0 {
  font-size: 2.5rem;
}

h2.emotion-0h2.emotion-0 {
  background-color: #ff0000;
}

@media screen and (max-width:767px) {
  h2.emotion-0 {
    font-size: 2rem;
  }
}

h3.emotion-0 {
  font-size: 2rem;
}

@media screen and (max-width:767px) {
  h3.emotion-0 {
    font-size: 1.5rem;
  }
}

h4.emotion-0 {
  font-size: 1.5rem;
}

@media screen and (max-width:767px) {
  h4.emotion-0 {
    font-size: 1.25rem;
  }
}

h5.emotion-0 {
  font-size: 1.25rem;
}

@media screen and (max-width:767px) {
  h5.emotion-0 {
    font-size: 1.125rem;
  }
}

h6.emotion-0 {
  font-size: 1rem;
}

.emotion-0 .fp-Icon {
  vertical-align: -0.125em;
}

<h1
  class="emotion-0 emotion-1 emotion-2 fp-Box fp-Heading heading"
>
  hello world
</h1>
`;

exports[`theming Heading.h3.base should render correctly 1`] = `
.emotion-1 {
  margin: unset;
  padding: unset;
  border: unset;
  background: unset;
  font: unset;
  font-family: inherit;
  font-size: 100%;
  box-sizing: border-box;
}

.emotion-1:focus:not(:focus-visible) {
  outline: none;
}

.emotion-0 {
  font-family: system-ui,-apple-system,BlinkMacSystemFont,'Segoe UI',Roboto,Oxygen,Ubuntu,Cantarell,'Fira Sans','Droid Sans','Helvetica Neue',sans-serif;
  font-weight: 700;
  line-height: 1.2;
}

.emotion-0:not(:last-child) {
  margin-bottom: 1rem;
}

.heading.emotion-0 + .sub-heading {
  margin-top: -0.5em;
}

h1.emotion-0 {
  font-size: 3rem;
}

@media screen and (max-width:767px) {
  h1.emotion-0 {
    font-size: 2.5rem;
  }
}

h2.emotion-0 {
  font-size: 2.5rem;
}

@media screen and (max-width:767px) {
  h2.emotion-0 {
    font-size: 2rem;
  }
}

h3.emotion-0 {
  font-size: 2rem;
}

h3.emotion-0h3.emotion-0 {
  background-color: #ff0000;
}

@media screen and (max-width:767px) {
  h3.emotion-0 {
    font-size: 1.5rem;
  }
}

h4.emotion-0 {
  font-size: 1.5rem;
}

@media screen and (max-width:767px) {
  h4.emotion-0 {
    font-size: 1.25rem;
  }
}

h5.emotion-0 {
  font-size: 1.25rem;
}

@media screen and (max-width:767px) {
  h5.emotion-0 {
    font-size: 1.125rem;
  }
}

h6.emotion-0 {
  font-size: 1rem;
}

.emotion-0 .fp-Icon {
  vertical-align: -0.125em;
}

<h1
  class="emotion-0 emotion-1 emotion-2 fp-Box fp-Heading heading"
>
  hello world
</h1>
`;

exports[`theming Heading.h4.base should render correctly 1`] = `
.emotion-1 {
  margin: unset;
  padding: unset;
  border: unset;
  background: unset;
  font: unset;
  font-family: inherit;
  font-size: 100%;
  box-sizing: border-box;
}

.emotion-1:focus:not(:focus-visible) {
  outline: none;
}

.emotion-0 {
  font-family: system-ui,-apple-system,BlinkMacSystemFont,'Segoe UI',Roboto,Oxygen,Ubuntu,Cantarell,'Fira Sans','Droid Sans','Helvetica Neue',sans-serif;
  font-weight: 700;
  line-height: 1.2;
}

.emotion-0:not(:last-child) {
  margin-bottom: 1rem;
}

.heading.emotion-0 + .sub-heading {
  margin-top: -0.5em;
}

h1.emotion-0 {
  font-size: 3rem;
}

@media screen and (max-width:767px) {
  h1.emotion-0 {
    font-size: 2.5rem;
  }
}

h2.emotion-0 {
  font-size: 2.5rem;
}

@media screen and (max-width:767px) {
  h2.emotion-0 {
    font-size: 2rem;
  }
}

h3.emotion-0 {
  font-size: 2rem;
}

@media screen and (max-width:767px) {
  h3.emotion-0 {
    font-size: 1.5rem;
  }
}

h4.emotion-0 {
  font-size: 1.5rem;
}

h4.emotion-0h4.emotion-0 {
  background-color: #ff0000;
}

@media screen and (max-width:767px) {
  h4.emotion-0 {
    font-size: 1.25rem;
  }
}

h5.emotion-0 {
  font-size: 1.25rem;
}

@media screen and (max-width:767px) {
  h5.emotion-0 {
    font-size: 1.125rem;
  }
}

h6.emotion-0 {
  font-size: 1rem;
}

.emotion-0 .fp-Icon {
  vertical-align: -0.125em;
}

<h1
  class="emotion-0 emotion-1 emotion-2 fp-Box fp-Heading heading"
>
  hello world
</h1>
`;

exports[`theming Heading.h5.base should render correctly 1`] = `
.emotion-1 {
  margin: unset;
  padding: unset;
  border: unset;
  background: unset;
  font: unset;
  font-family: inherit;
  font-size: 100%;
  box-sizing: border-box;
}

.emotion-1:focus:not(:focus-visible) {
  outline: none;
}

.emotion-0 {
  font-family: system-ui,-apple-system,BlinkMacSystemFont,'Segoe UI',Roboto,Oxygen,Ubuntu,Cantarell,'Fira Sans','Droid Sans','Helvetica Neue',sans-serif;
  font-weight: 700;
  line-height: 1.2;
}

.emotion-0:not(:last-child) {
  margin-bottom: 1rem;
}

.heading.emotion-0 + .sub-heading {
  margin-top: -0.5em;
}

h1.emotion-0 {
  font-size: 3rem;
}

@media screen and (max-width:767px) {
  h1.emotion-0 {
    font-size: 2.5rem;
  }
}

h2.emotion-0 {
  font-size: 2.5rem;
}

@media screen and (max-width:767px) {
  h2.emotion-0 {
    font-size: 2rem;
  }
}

h3.emotion-0 {
  font-size: 2rem;
}

@media screen and (max-width:767px) {
  h3.emotion-0 {
    font-size: 1.5rem;
  }
}

h4.emotion-0 {
  font-size: 1.5rem;
}

@media screen and (max-width:767px) {
  h4.emotion-0 {
    font-size: 1.25rem;
  }
}

h5.emotion-0 {
  font-size: 1.25rem;
}

h5.emotion-0h5.emotion-0 {
  background-color: #ff0000;
}

@media screen and (max-width:767px) {
  h5.emotion-0 {
    font-size: 1.125rem;
  }
}

h6.emotion-0 {
  font-size: 1rem;
}

.emotion-0 .fp-Icon {
  vertical-align: -0.125em;
}

<h1
  class="emotion-0 emotion-1 emotion-2 fp-Box fp-Heading heading"
>
  hello world
</h1>
`;

exports[`theming Heading.h6.base should render correctly 1`] = `
.emotion-1 {
  margin: unset;
  padding: unset;
  border: unset;
  background: unset;
  font: unset;
  font-family: inherit;
  font-size: 100%;
  box-sizing: border-box;
}

.emotion-1:focus:not(:focus-visible) {
  outline: none;
}

.emotion-0 {
  font-family: system-ui,-apple-system,BlinkMacSystemFont,'Segoe UI',Roboto,Oxygen,Ubuntu,Cantarell,'Fira Sans','Droid Sans','Helvetica Neue',sans-serif;
  font-weight: 700;
  line-height: 1.2;
}

.emotion-0:not(:last-child) {
  margin-bottom: 1rem;
}

.heading.emotion-0 + .sub-heading {
  margin-top: -0.5em;
}

h1.emotion-0 {
  font-size: 3rem;
}

@media screen and (max-width:767px) {
  h1.emotion-0 {
    font-size: 2.5rem;
  }
}

h2.emotion-0 {
  font-size: 2.5rem;
}

@media screen and (max-width:767px) {
  h2.emotion-0 {
    font-size: 2rem;
  }
}

h3.emotion-0 {
  font-size: 2rem;
}

@media screen and (max-width:767px) {
  h3.emotion-0 {
    font-size: 1.5rem;
  }
}

h4.emotion-0 {
  font-size: 1.5rem;
}

@media screen and (max-width:767px) {
  h4.emotion-0 {
    font-size: 1.25rem;
  }
}

h5.emotion-0 {
  font-size: 1.25rem;
}

@media screen and (max-width:767px) {
  h5.emotion-0 {
    font-size: 1.125rem;
  }
}

h6.emotion-0 {
  font-size: 1rem;
}

h6.emotion-0h6.emotion-0 {
  background-color: #ff0000;
}

.emotion-0 .fp-Icon {
  vertical-align: -0.125em;
}

<h1
  class="emotion-0 emotion-1 emotion-2 fp-Box fp-Heading heading"
>
  hello world
</h1>
`;

exports[`theming Heading.h6.base should render correctly 2`] = `
.emotion-1 {
  margin: unset;
  padding: unset;
  border: unset;
  background: unset;
  font: unset;
  font-family: inherit;
  font-size: 100%;
  box-sizing: border-box;
}

.emotion-1:focus:not(:focus-visible) {
  outline: none;
}

.emotion-0 {
  font-family: system-ui,-apple-system,BlinkMacSystemFont,'Segoe UI',Roboto,Oxygen,Ubuntu,Cantarell,'Fira Sans','Droid Sans','Helvetica Neue',sans-serif;
  font-weight: 700;
  line-height: 1.2;
}

.emotion-0:not(:last-child) {
  margin-bottom: 1rem;
}

.heading.emotion-0 + .sub-heading {
  margin-top: -0.5em;
}

h1.emotion-0 {
  font-size: 3rem;
}

@media screen and (max-width:767px) {
  h1.emotion-0 {
    font-size: 2.5rem;
  }
}

h2.emotion-0 {
  font-size: 2.5rem;
}

@media screen and (max-width:767px) {
  h2.emotion-0 {
    font-size: 2rem;
  }
}

h3.emotion-0 {
  font-size: 2rem;
}

@media screen and (max-width:767px) {
  h3.emotion-0 {
    font-size: 1.5rem;
  }
}

h4.emotion-0 {
  font-size: 1.5rem;
}

@media screen and (max-width:767px) {
  h4.emotion-0 {
    font-size: 1.25rem;
  }
}

h5.emotion-0 {
  font-size: 1.25rem;
}

@media screen and (max-width:767px) {
  h5.emotion-0 {
    font-size: 1.125rem;
  }
}

h6.emotion-0 {
  font-size: 1rem;
}

.emotion-0 {
  font-weight: 600;
}

.emotion-0.emotion-0 {
  background-color: #ff0000;
}

.emotion-0 .fp-Icon {
  vertical-align: -0.125em;
}

<h1
  class="emotion-0 emotion-1 emotion-2 fp-Box fp-Heading sub-heading"
>
  hello world
</h1>
`;
