// Jest Snapshot v1, https://goo.gl/fbAQLP

exports[`composition hook should return with Spinner props 1`] = `
Object {
  "children": <svg
    className="css-1mvkoph fp-Spinnervector"
    viewBox="22 22 44 44"
  >
    <circle
      className="css-1dugu06 fp-SpinnerloaderCircle"
      cx="44"
      cy="44"
      fill="none"
      r="20"
      strokeWidth="4"
    />
  </svg>,
  "className": "css-xsm2k8 css-1pwrqjj css-1boznyh fp-Box fp-Spinner",
}
`;

exports[`composition render props should render correctly 1`] = `
@keyframes animation-0 {
  from {
    -webkit-transform: rotate(0deg);
    -ms-transform: rotate(0deg);
    transform: rotate(0deg);
  }

  to {
    -webkit-transform: rotate(360deg);
    -ms-transform: rotate(360deg);
    transform: rotate(360deg);
  }
}

@keyframes animation-0 {
  from {
    -webkit-transform: rotate(0deg);
    -ms-transform: rotate(0deg);
    transform: rotate(0deg);
  }

  to {
    -webkit-transform: rotate(360deg);
    -ms-transform: rotate(360deg);
    transform: rotate(360deg);
  }
}

.emotion-4 {
  color: #574feb !important;
}

.emotion-3 {
  margin: unset;
  padding: unset;
  border: unset;
  background: unset;
  font: unset;
  font-family: inherit;
  font-size: 100%;
  box-sizing: border-box;
}

.emotion-3:focus:not(:focus-visible) {
  outline: none;
}

.emotion-2 {
  line-height: 1rem;
  font-size: 20px;
}

.emotion-1 {
  width: 1em;
  height: 1em;
  -webkit-transform: rotate(-90deg);
  -ms-transform: rotate(-90deg);
  transform: rotate(-90deg);
  -webkit-animation: animation-0 0.6s infinite linear;
  animation: animation-0 0.6s infinite linear;
}

.emotion-0 {
  stroke-dasharray: 275;
  stroke-dashoffset: 200px;
  stroke: #574feb;
  -webkit-transition: stroke-dashoffset 300ms cubic-bezier(0.4,0,0.2,1) 0ms;
  transition: stroke-dashoffset 300ms cubic-bezier(0.4,0,0.2,1) 0ms;
}

<div
  class="emotion-2 emotion-3 emotion-4 fp-Box fp-Spinner"
>
  <svg
    class="emotion-1 fp-Spinnervector"
    viewBox="22 22 44 44"
  >
    <circle
      class="emotion-0 fp-SpinnerloaderCircle"
      cx="44"
      cy="44"
      fill="none"
      r="20"
      stroke-width="4"
    />
  </svg>
</div>
`;

exports[`composition use should render correctly 1`] = `
@keyframes animation-0 {
  from {
    -webkit-transform: rotate(0deg);
    -ms-transform: rotate(0deg);
    transform: rotate(0deg);
  }

  to {
    -webkit-transform: rotate(360deg);
    -ms-transform: rotate(360deg);
    transform: rotate(360deg);
  }
}

@keyframes animation-0 {
  from {
    -webkit-transform: rotate(0deg);
    -ms-transform: rotate(0deg);
    transform: rotate(0deg);
  }

  to {
    -webkit-transform: rotate(360deg);
    -ms-transform: rotate(360deg);
    transform: rotate(360deg);
  }
}

.emotion-4 {
  color: #574feb !important;
}

.emotion-3 {
  margin: unset;
  padding: unset;
  border: unset;
  background: unset;
  font: unset;
  font-family: inherit;
  font-size: 100%;
  box-sizing: border-box;
}

.emotion-3:focus:not(:focus-visible) {
  outline: none;
}

.emotion-2 {
  line-height: 1rem;
  font-size: 20px;
}

.emotion-1 {
  width: 1em;
  height: 1em;
  -webkit-transform: rotate(-90deg);
  -ms-transform: rotate(-90deg);
  transform: rotate(-90deg);
  -webkit-animation: animation-0 0.6s infinite linear;
  animation: animation-0 0.6s infinite linear;
}

.emotion-0 {
  stroke-dasharray: 275;
  stroke-dashoffset: 200px;
  stroke: #574feb;
  -webkit-transition: stroke-dashoffset 300ms cubic-bezier(0.4,0,0.2,1) 0ms;
  transition: stroke-dashoffset 300ms cubic-bezier(0.4,0,0.2,1) 0ms;
}

<p
  class="emotion-2 emotion-3 emotion-4 fp-Box fp-Spinner"
>
  <svg
    class="emotion-1 fp-Spinnervector"
    viewBox="22 22 44 44"
  >
    <circle
      class="emotion-0 fp-SpinnerloaderCircle"
      cx="44"
      cy="44"
      fill="none"
      r="20"
      stroke-width="4"
    />
  </svg>
</p>
`;

exports[`defaultProps should render correctly for className 1`] = `
@keyframes animation-0 {
  from {
    -webkit-transform: rotate(0deg);
    -ms-transform: rotate(0deg);
    transform: rotate(0deg);
  }

  to {
    -webkit-transform: rotate(360deg);
    -ms-transform: rotate(360deg);
    transform: rotate(360deg);
  }
}

@keyframes animation-0 {
  from {
    -webkit-transform: rotate(0deg);
    -ms-transform: rotate(0deg);
    transform: rotate(0deg);
  }

  to {
    -webkit-transform: rotate(360deg);
    -ms-transform: rotate(360deg);
    transform: rotate(360deg);
  }
}

@keyframes animation-0 {
  from {
    -webkit-transform: rotate(0deg);
    -ms-transform: rotate(0deg);
    transform: rotate(0deg);
  }

  to {
    -webkit-transform: rotate(360deg);
    -ms-transform: rotate(360deg);
    transform: rotate(360deg);
  }
}

.emotion-4 {
  color: #574feb !important;
}

.emotion-3 {
  margin: unset;
  padding: unset;
  border: unset;
  background: unset;
  font: unset;
  font-family: inherit;
  font-size: 100%;
  box-sizing: border-box;
}

.emotion-3:focus:not(:focus-visible) {
  outline: none;
}

.emotion-2 {
  line-height: 1rem;
  font-size: 20px;
}

.emotion-1 {
  width: 1em;
  height: 1em;
  -webkit-transform: rotate(-90deg);
  -ms-transform: rotate(-90deg);
  transform: rotate(-90deg);
  -webkit-animation: animation-0 0.6s infinite linear;
  animation: animation-0 0.6s infinite linear;
}

.emotion-0 {
  stroke-dasharray: 275;
  stroke-dashoffset: 200px;
  stroke: #574feb;
  -webkit-transition: stroke-dashoffset 300ms cubic-bezier(0.4,0,0.2,1) 0ms;
  transition: stroke-dashoffset 300ms cubic-bezier(0.4,0,0.2,1) 0ms;
}

<div
  class="emotion-2 emotion-3 emotion-4 test fp-Box fp-Spinner"
>
  <svg
    class="emotion-1 fp-Spinnervector"
    viewBox="22 22 44 44"
  >
    <circle
      class="emotion-0 fp-SpinnerloaderCircle"
      cx="44"
      cy="44"
      fill="none"
      r="20"
      stroke-width="4"
    />
  </svg>
</div>
`;

exports[`defaultProps should render correctly for duration 1`] = `
@keyframes animation-0 {
  from {
    -webkit-transform: rotate(0deg);
    -ms-transform: rotate(0deg);
    transform: rotate(0deg);
  }

  to {
    -webkit-transform: rotate(360deg);
    -ms-transform: rotate(360deg);
    transform: rotate(360deg);
  }
}

@keyframes animation-0 {
  from {
    -webkit-transform: rotate(0deg);
    -ms-transform: rotate(0deg);
    transform: rotate(0deg);
  }

  to {
    -webkit-transform: rotate(360deg);
    -ms-transform: rotate(360deg);
    transform: rotate(360deg);
  }
}

@keyframes animation-0 {
  from {
    -webkit-transform: rotate(0deg);
    -ms-transform: rotate(0deg);
    transform: rotate(0deg);
  }

  to {
    -webkit-transform: rotate(360deg);
    -ms-transform: rotate(360deg);
    transform: rotate(360deg);
  }
}

@keyframes animation-0 {
  from {
    -webkit-transform: rotate(0deg);
    -ms-transform: rotate(0deg);
    transform: rotate(0deg);
  }

  to {
    -webkit-transform: rotate(360deg);
    -ms-transform: rotate(360deg);
    transform: rotate(360deg);
  }
}

.emotion-4 {
  color: #574feb !important;
}

.emotion-3 {
  margin: unset;
  padding: unset;
  border: unset;
  background: unset;
  font: unset;
  font-family: inherit;
  font-size: 100%;
  box-sizing: border-box;
}

.emotion-3:focus:not(:focus-visible) {
  outline: none;
}

.emotion-2 {
  line-height: 1rem;
  font-size: 20px;
}

.emotion-0 {
  stroke-dasharray: 275;
  stroke-dashoffset: 200px;
  stroke: #574feb;
  -webkit-transition: stroke-dashoffset 300ms cubic-bezier(0.4,0,0.2,1) 0ms;
  transition: stroke-dashoffset 300ms cubic-bezier(0.4,0,0.2,1) 0ms;
}

.emotion-1 {
  width: 1em;
  height: 1em;
  -webkit-transform: rotate(-90deg);
  -ms-transform: rotate(-90deg);
  transform: rotate(-90deg);
  -webkit-animation: animation-0 2s infinite linear;
  animation: animation-0 2s infinite linear;
}

<div
  class="emotion-2 emotion-3 emotion-4 fp-Box fp-Spinner"
>
  <svg
    class="emotion-1 fp-Spinnervector"
    viewBox="22 22 44 44"
  >
    <circle
      class="emotion-0 fp-SpinnerloaderCircle"
      cx="44"
      cy="44"
      fill="none"
      r="20"
      stroke-width="4"
    />
  </svg>
</div>
`;

exports[`overrides Spinner.base should render correctly 1`] = `
@keyframes animation-0 {
  from {
    -webkit-transform: rotate(0deg);
    -ms-transform: rotate(0deg);
    transform: rotate(0deg);
  }

  to {
    -webkit-transform: rotate(360deg);
    -ms-transform: rotate(360deg);
    transform: rotate(360deg);
  }
}

@keyframes animation-0 {
  from {
    -webkit-transform: rotate(0deg);
    -ms-transform: rotate(0deg);
    transform: rotate(0deg);
  }

  to {
    -webkit-transform: rotate(360deg);
    -ms-transform: rotate(360deg);
    transform: rotate(360deg);
  }
}

.emotion-4 {
  color: #574feb !important;
}

.emotion-3 {
  margin: unset;
  padding: unset;
  border: unset;
  background: unset;
  font: unset;
  font-family: inherit;
  font-size: 100%;
  box-sizing: border-box;
}

.emotion-3:focus:not(:focus-visible) {
  outline: none;
}

.emotion-1 {
  width: 1em;
  height: 1em;
  -webkit-transform: rotate(-90deg);
  -ms-transform: rotate(-90deg);
  transform: rotate(-90deg);
  -webkit-animation: animation-0 0.6s infinite linear;
  animation: animation-0 0.6s infinite linear;
}

.emotion-0 {
  stroke-dasharray: 275;
  stroke-dashoffset: 200px;
  stroke: #574feb;
  -webkit-transition: stroke-dashoffset 300ms cubic-bezier(0.4,0,0.2,1) 0ms;
  transition: stroke-dashoffset 300ms cubic-bezier(0.4,0,0.2,1) 0ms;
}

.emotion-2 {
  line-height: 1rem;
  font-size: 20px;
}

.emotion-2 {
  background-color: #ff0000;
}

<div
  class="emotion-2 emotion-3 emotion-4 fp-Box fp-Spinner"
>
  <svg
    class="emotion-1 fp-Spinnervector"
    viewBox="22 22 44 44"
  >
    <circle
      class="emotion-0 fp-SpinnerloaderCircle"
      cx="44"
      cy="44"
      fill="none"
      r="20"
      stroke-width="4"
    />
  </svg>
</div>
`;

exports[`overrides Spinner.loaderCircle.base should render correctly 1`] = `
@keyframes animation-0 {
  from {
    -webkit-transform: rotate(0deg);
    -ms-transform: rotate(0deg);
    transform: rotate(0deg);
  }

  to {
    -webkit-transform: rotate(360deg);
    -ms-transform: rotate(360deg);
    transform: rotate(360deg);
  }
}

@keyframes animation-0 {
  from {
    -webkit-transform: rotate(0deg);
    -ms-transform: rotate(0deg);
    transform: rotate(0deg);
  }

  to {
    -webkit-transform: rotate(360deg);
    -ms-transform: rotate(360deg);
    transform: rotate(360deg);
  }
}

@keyframes animation-0 {
  from {
    -webkit-transform: rotate(0deg);
    -ms-transform: rotate(0deg);
    transform: rotate(0deg);
  }

  to {
    -webkit-transform: rotate(360deg);
    -ms-transform: rotate(360deg);
    transform: rotate(360deg);
  }
}

.emotion-4 {
  color: #574feb !important;
}

.emotion-3 {
  margin: unset;
  padding: unset;
  border: unset;
  background: unset;
  font: unset;
  font-family: inherit;
  font-size: 100%;
  box-sizing: border-box;
}

.emotion-3:focus:not(:focus-visible) {
  outline: none;
}

.emotion-2 {
  line-height: 1rem;
  font-size: 20px;
}

.emotion-1 {
  width: 1em;
  height: 1em;
  -webkit-transform: rotate(-90deg);
  -ms-transform: rotate(-90deg);
  transform: rotate(-90deg);
  -webkit-animation: animation-0 0.6s infinite linear;
  animation: animation-0 0.6s infinite linear;
}

.emotion-0 {
  stroke-dasharray: 275;
  stroke-dashoffset: 200px;
  stroke: #574feb;
  -webkit-transition: stroke-dashoffset 300ms cubic-bezier(0.4,0,0.2,1) 0ms;
  transition: stroke-dashoffset 300ms cubic-bezier(0.4,0,0.2,1) 0ms;
}

.emotion-0 {
  background-color: #ff0000;
}

<div
  class="emotion-2 emotion-3 emotion-4 fp-Box fp-Spinner"
>
  <svg
    class="emotion-1 fp-Spinnervector"
    viewBox="22 22 44 44"
  >
    <circle
      class="emotion-0 fp-SpinnerloaderCircle"
      cx="44"
      cy="44"
      fill="none"
      r="20"
      stroke-width="4"
    />
  </svg>
</div>
`;

exports[`overrides Spinner.trackCircle.base should render correctly 1`] = `
@keyframes animation-0 {
  from {
    -webkit-transform: rotate(0deg);
    -ms-transform: rotate(0deg);
    transform: rotate(0deg);
  }

  to {
    -webkit-transform: rotate(360deg);
    -ms-transform: rotate(360deg);
    transform: rotate(360deg);
  }
}

@keyframes animation-0 {
  from {
    -webkit-transform: rotate(0deg);
    -ms-transform: rotate(0deg);
    transform: rotate(0deg);
  }

  to {
    -webkit-transform: rotate(360deg);
    -ms-transform: rotate(360deg);
    transform: rotate(360deg);
  }
}

@keyframes animation-0 {
  from {
    -webkit-transform: rotate(0deg);
    -ms-transform: rotate(0deg);
    transform: rotate(0deg);
  }

  to {
    -webkit-transform: rotate(360deg);
    -ms-transform: rotate(360deg);
    transform: rotate(360deg);
  }
}

.emotion-4 {
  color: #574feb !important;
}

.emotion-3 {
  margin: unset;
  padding: unset;
  border: unset;
  background: unset;
  font: unset;
  font-family: inherit;
  font-size: 100%;
  box-sizing: border-box;
}

.emotion-3:focus:not(:focus-visible) {
  outline: none;
}

.emotion-2 {
  line-height: 1rem;
  font-size: 20px;
}

.emotion-1 {
  width: 1em;
  height: 1em;
  -webkit-transform: rotate(-90deg);
  -ms-transform: rotate(-90deg);
  transform: rotate(-90deg);
  -webkit-animation: animation-0 0.6s infinite linear;
  animation: animation-0 0.6s infinite linear;
}

.emotion-0 {
  stroke-dasharray: 275;
  stroke-dashoffset: 200px;
  stroke: #574feb;
  -webkit-transition: stroke-dashoffset 300ms cubic-bezier(0.4,0,0.2,1) 0ms;
  transition: stroke-dashoffset 300ms cubic-bezier(0.4,0,0.2,1) 0ms;
}

<div
  class="emotion-2 emotion-3 emotion-4 fp-Box fp-Spinner"
>
  <svg
    class="emotion-1 fp-Spinnervector"
    viewBox="22 22 44 44"
  >
    <circle
      class="emotion-0 fp-SpinnerloaderCircle"
      cx="44"
      cy="44"
      fill="none"
      r="20"
      stroke-width="4"
    />
  </svg>
</div>
`;

exports[`overrides Spinner.vector.base should render correctly 1`] = `
@keyframes animation-0 {
  from {
    -webkit-transform: rotate(0deg);
    -ms-transform: rotate(0deg);
    transform: rotate(0deg);
  }

  to {
    -webkit-transform: rotate(360deg);
    -ms-transform: rotate(360deg);
    transform: rotate(360deg);
  }
}

@keyframes animation-0 {
  from {
    -webkit-transform: rotate(0deg);
    -ms-transform: rotate(0deg);
    transform: rotate(0deg);
  }

  to {
    -webkit-transform: rotate(360deg);
    -ms-transform: rotate(360deg);
    transform: rotate(360deg);
  }
}

@keyframes animation-0 {
  from {
    -webkit-transform: rotate(0deg);
    -ms-transform: rotate(0deg);
    transform: rotate(0deg);
  }

  to {
    -webkit-transform: rotate(360deg);
    -ms-transform: rotate(360deg);
    transform: rotate(360deg);
  }
}

.emotion-4 {
  color: #574feb !important;
}

.emotion-3 {
  margin: unset;
  padding: unset;
  border: unset;
  background: unset;
  font: unset;
  font-family: inherit;
  font-size: 100%;
  box-sizing: border-box;
}

.emotion-3:focus:not(:focus-visible) {
  outline: none;
}

.emotion-2 {
  line-height: 1rem;
  font-size: 20px;
}

.emotion-0 {
  stroke-dasharray: 275;
  stroke-dashoffset: 200px;
  stroke: #574feb;
  -webkit-transition: stroke-dashoffset 300ms cubic-bezier(0.4,0,0.2,1) 0ms;
  transition: stroke-dashoffset 300ms cubic-bezier(0.4,0,0.2,1) 0ms;
}

.emotion-1 {
  width: 1em;
  height: 1em;
  -webkit-transform: rotate(-90deg);
  -ms-transform: rotate(-90deg);
  transform: rotate(-90deg);
  -webkit-animation: animation-0 0.6s infinite linear;
  animation: animation-0 0.6s infinite linear;
}

.emotion-1 {
  background-color: #ff0000;
}

<div
  class="emotion-2 emotion-3 emotion-4 fp-Box fp-Spinner"
>
  <svg
    class="emotion-1 fp-Spinnervector"
    viewBox="22 22 44 44"
  >
    <circle
      class="emotion-0 fp-SpinnerloaderCircle"
      cx="44"
      cy="44"
      fill="none"
      r="20"
      stroke-width="4"
    />
  </svg>
</div>
`;

exports[`props should render correctly 1`] = `
@keyframes animation-0 {
  from {
    -webkit-transform: rotate(0deg);
    -ms-transform: rotate(0deg);
    transform: rotate(0deg);
  }

  to {
    -webkit-transform: rotate(360deg);
    -ms-transform: rotate(360deg);
    transform: rotate(360deg);
  }
}

.emotion-4 {
  color: #574feb !important;
}

.emotion-3 {
  margin: unset;
  padding: unset;
  border: unset;
  background: unset;
  font: unset;
  font-family: inherit;
  font-size: 100%;
  box-sizing: border-box;
}

.emotion-3:focus:not(:focus-visible) {
  outline: none;
}

.emotion-2 {
  line-height: 1rem;
  font-size: 20px;
}

.emotion-1 {
  width: 1em;
  height: 1em;
  -webkit-transform: rotate(-90deg);
  -ms-transform: rotate(-90deg);
  transform: rotate(-90deg);
  -webkit-animation: animation-0 0.6s infinite linear;
  animation: animation-0 0.6s infinite linear;
}

.emotion-0 {
  stroke-dasharray: 275;
  stroke-dashoffset: 200px;
  stroke: #574feb;
  -webkit-transition: stroke-dashoffset 300ms cubic-bezier(0.4,0,0.2,1) 0ms;
  transition: stroke-dashoffset 300ms cubic-bezier(0.4,0,0.2,1) 0ms;
}

<div
  class="emotion-2 emotion-3 emotion-4 fp-Box fp-Spinner"
>
  <svg
    class="emotion-1 fp-Spinnervector"
    viewBox="22 22 44 44"
  >
    <circle
      class="emotion-0 fp-SpinnerloaderCircle"
      cx="44"
      cy="44"
      fill="none"
      r="20"
      stroke-width="4"
    />
  </svg>
</div>
`;

exports[`props should render correctly for color 1`] = `
@keyframes animation-0 {
  from {
    -webkit-transform: rotate(0deg);
    -ms-transform: rotate(0deg);
    transform: rotate(0deg);
  }

  to {
    -webkit-transform: rotate(360deg);
    -ms-transform: rotate(360deg);
    transform: rotate(360deg);
  }
}

.emotion-4 {
  color: #574feb !important;
}

.emotion-3 {
  margin: unset;
  padding: unset;
  border: unset;
  background: unset;
  font: unset;
  font-family: inherit;
  font-size: 100%;
  box-sizing: border-box;
}

.emotion-3:focus:not(:focus-visible) {
  outline: none;
}

.emotion-2 {
  line-height: 1rem;
  font-size: 20px;
}

.emotion-1 {
  width: 1em;
  height: 1em;
  -webkit-transform: rotate(-90deg);
  -ms-transform: rotate(-90deg);
  transform: rotate(-90deg);
  -webkit-animation: animation-0 0.6s infinite linear;
  animation: animation-0 0.6s infinite linear;
}

.emotion-0 {
  stroke-dasharray: 275;
  stroke-dashoffset: 200px;
  stroke: #574feb;
  -webkit-transition: stroke-dashoffset 300ms cubic-bezier(0.4,0,0.2,1) 0ms;
  transition: stroke-dashoffset 300ms cubic-bezier(0.4,0,0.2,1) 0ms;
}

<div
  class="emotion-2 emotion-3 emotion-4 fp-Box fp-Spinner"
>
  <svg
    class="emotion-1 fp-Spinnervector"
    viewBox="22 22 44 44"
  >
    <circle
      class="emotion-0 fp-SpinnerloaderCircle"
      cx="44"
      cy="44"
      fill="none"
      r="20"
      stroke-width="4"
    />
  </svg>
</div>
`;

exports[`props should render correctly for duration 1`] = `
@keyframes animation-0 {
  from {
    -webkit-transform: rotate(0deg);
    -ms-transform: rotate(0deg);
    transform: rotate(0deg);
  }

  to {
    -webkit-transform: rotate(360deg);
    -ms-transform: rotate(360deg);
    transform: rotate(360deg);
  }
}

@keyframes animation-0 {
  from {
    -webkit-transform: rotate(0deg);
    -ms-transform: rotate(0deg);
    transform: rotate(0deg);
  }

  to {
    -webkit-transform: rotate(360deg);
    -ms-transform: rotate(360deg);
    transform: rotate(360deg);
  }
}

.emotion-4 {
  color: #574feb !important;
}

.emotion-3 {
  margin: unset;
  padding: unset;
  border: unset;
  background: unset;
  font: unset;
  font-family: inherit;
  font-size: 100%;
  box-sizing: border-box;
}

.emotion-3:focus:not(:focus-visible) {
  outline: none;
}

.emotion-2 {
  line-height: 1rem;
  font-size: 20px;
}

.emotion-0 {
  stroke-dasharray: 275;
  stroke-dashoffset: 200px;
  stroke: #574feb;
  -webkit-transition: stroke-dashoffset 300ms cubic-bezier(0.4,0,0.2,1) 0ms;
  transition: stroke-dashoffset 300ms cubic-bezier(0.4,0,0.2,1) 0ms;
}

.emotion-1 {
  width: 1em;
  height: 1em;
  -webkit-transform: rotate(-90deg);
  -ms-transform: rotate(-90deg);
  transform: rotate(-90deg);
  -webkit-animation: animation-0 1s infinite linear;
  animation: animation-0 1s infinite linear;
}

<div
  class="emotion-2 emotion-3 emotion-4 fp-Box fp-Spinner"
>
  <svg
    class="emotion-1 fp-Spinnervector"
    viewBox="22 22 44 44"
  >
    <circle
      class="emotion-0 fp-SpinnerloaderCircle"
      cx="44"
      cy="44"
      fill="none"
      r="20"
      stroke-width="4"
    />
  </svg>
</div>
`;

exports[`props should render correctly for hasTrack 1`] = `
@keyframes animation-0 {
  from {
    -webkit-transform: rotate(0deg);
    -ms-transform: rotate(0deg);
    transform: rotate(0deg);
  }

  to {
    -webkit-transform: rotate(360deg);
    -ms-transform: rotate(360deg);
    transform: rotate(360deg);
  }
}

@keyframes animation-0 {
  from {
    -webkit-transform: rotate(0deg);
    -ms-transform: rotate(0deg);
    transform: rotate(0deg);
  }

  to {
    -webkit-transform: rotate(360deg);
    -ms-transform: rotate(360deg);
    transform: rotate(360deg);
  }
}

.emotion-5 {
  color: #574feb !important;
}

.emotion-4 {
  margin: unset;
  padding: unset;
  border: unset;
  background: unset;
  font: unset;
  font-family: inherit;
  font-size: 100%;
  box-sizing: border-box;
}

.emotion-4:focus:not(:focus-visible) {
  outline: none;
}

.emotion-3 {
  line-height: 1rem;
  font-size: 20px;
}

.emotion-2 {
  width: 1em;
  height: 1em;
  -webkit-transform: rotate(-90deg);
  -ms-transform: rotate(-90deg);
  transform: rotate(-90deg);
  -webkit-animation: animation-0 0.6s infinite linear;
  animation: animation-0 0.6s infinite linear;
}

.emotion-0 {
  stroke: #cdcaf9;
}

.emotion-1 {
  stroke-dasharray: 275;
  stroke-dashoffset: 200px;
  stroke: #574feb;
  -webkit-transition: stroke-dashoffset 300ms cubic-bezier(0.4,0,0.2,1) 0ms;
  transition: stroke-dashoffset 300ms cubic-bezier(0.4,0,0.2,1) 0ms;
}

<div
  class="emotion-3 emotion-4 emotion-5 fp-Box fp-Spinner"
>
  <svg
    class="emotion-2 fp-Spinnervector"
    viewBox="22 22 44 44"
  >
    <circle
      class="emotion-0 fp-SpinnertrackCircle"
      cx="44"
      cy="44"
      fill="none"
      r="20"
      stroke-width="4"
    />
    <circle
      class="emotion-1 fp-SpinnerloaderCircle"
      cx="44"
      cy="44"
      fill="none"
      r="20"
      stroke-width="4"
    />
  </svg>
</div>
`;

exports[`props should render correctly for perimeter 1`] = `
@keyframes animation-0 {
  from {
    -webkit-transform: rotate(0deg);
    -ms-transform: rotate(0deg);
    transform: rotate(0deg);
  }

  to {
    -webkit-transform: rotate(360deg);
    -ms-transform: rotate(360deg);
    transform: rotate(360deg);
  }
}

@keyframes animation-0 {
  from {
    -webkit-transform: rotate(0deg);
    -ms-transform: rotate(0deg);
    transform: rotate(0deg);
  }

  to {
    -webkit-transform: rotate(360deg);
    -ms-transform: rotate(360deg);
    transform: rotate(360deg);
  }
}

.emotion-4 {
  color: #574feb !important;
}

.emotion-3 {
  margin: unset;
  padding: unset;
  border: unset;
  background: unset;
  font: unset;
  font-family: inherit;
  font-size: 100%;
  box-sizing: border-box;
}

.emotion-3:focus:not(:focus-visible) {
  outline: none;
}

.emotion-2 {
  line-height: 1rem;
  font-size: 20px;
}

.emotion-1 {
  width: 1em;
  height: 1em;
  -webkit-transform: rotate(-90deg);
  -ms-transform: rotate(-90deg);
  transform: rotate(-90deg);
  -webkit-animation: animation-0 0.6s infinite linear;
  animation: animation-0 0.6s infinite linear;
}

.emotion-0 {
  stroke-dasharray: 237.5;
  stroke-dashoffset: 200px;
  stroke: #574feb;
  -webkit-transition: stroke-dashoffset 300ms cubic-bezier(0.4,0,0.2,1) 0ms;
  transition: stroke-dashoffset 300ms cubic-bezier(0.4,0,0.2,1) 0ms;
}

<div
  class="emotion-2 emotion-3 emotion-4 fp-Box fp-Spinner"
>
  <svg
    class="emotion-1 fp-Spinnervector"
    viewBox="22 22 44 44"
  >
    <circle
      class="emotion-0 fp-SpinnerloaderCircle"
      cx="44"
      cy="44"
      fill="none"
      r="20"
      stroke-width="4"
    />
  </svg>
</div>
`;

exports[`props should render correctly for size default 1`] = `
@keyframes animation-0 {
  from {
    -webkit-transform: rotate(0deg);
    -ms-transform: rotate(0deg);
    transform: rotate(0deg);
  }

  to {
    -webkit-transform: rotate(360deg);
    -ms-transform: rotate(360deg);
    transform: rotate(360deg);
  }
}

@keyframes animation-0 {
  from {
    -webkit-transform: rotate(0deg);
    -ms-transform: rotate(0deg);
    transform: rotate(0deg);
  }

  to {
    -webkit-transform: rotate(360deg);
    -ms-transform: rotate(360deg);
    transform: rotate(360deg);
  }
}

.emotion-4 {
  color: #574feb !important;
}

.emotion-3 {
  margin: unset;
  padding: unset;
  border: unset;
  background: unset;
  font: unset;
  font-family: inherit;
  font-size: 100%;
  box-sizing: border-box;
}

.emotion-3:focus:not(:focus-visible) {
  outline: none;
}

.emotion-1 {
  width: 1em;
  height: 1em;
  -webkit-transform: rotate(-90deg);
  -ms-transform: rotate(-90deg);
  transform: rotate(-90deg);
  -webkit-animation: animation-0 0.6s infinite linear;
  animation: animation-0 0.6s infinite linear;
}

.emotion-0 {
  stroke-dasharray: 275;
  stroke-dashoffset: 200px;
  stroke: #574feb;
  -webkit-transition: stroke-dashoffset 300ms cubic-bezier(0.4,0,0.2,1) 0ms;
  transition: stroke-dashoffset 300ms cubic-bezier(0.4,0,0.2,1) 0ms;
}

.emotion-2 {
  line-height: 1rem;
  font-size: 20px;
}

<div
  class="emotion-2 emotion-3 emotion-4 fp-Box fp-Spinner"
>
  <svg
    class="emotion-1 fp-Spinnervector"
    viewBox="22 22 44 44"
  >
    <circle
      class="emotion-0 fp-SpinnerloaderCircle"
      cx="44"
      cy="44"
      fill="none"
      r="20"
      stroke-width="4"
    />
  </svg>
</div>
`;

exports[`props should render correctly for size large 1`] = `
@keyframes animation-0 {
  from {
    -webkit-transform: rotate(0deg);
    -ms-transform: rotate(0deg);
    transform: rotate(0deg);
  }

  to {
    -webkit-transform: rotate(360deg);
    -ms-transform: rotate(360deg);
    transform: rotate(360deg);
  }
}

@keyframes animation-0 {
  from {
    -webkit-transform: rotate(0deg);
    -ms-transform: rotate(0deg);
    transform: rotate(0deg);
  }

  to {
    -webkit-transform: rotate(360deg);
    -ms-transform: rotate(360deg);
    transform: rotate(360deg);
  }
}

.emotion-4 {
  color: #574feb !important;
}

.emotion-3 {
  margin: unset;
  padding: unset;
  border: unset;
  background: unset;
  font: unset;
  font-family: inherit;
  font-size: 100%;
  box-sizing: border-box;
}

.emotion-3:focus:not(:focus-visible) {
  outline: none;
}

.emotion-1 {
  width: 1em;
  height: 1em;
  -webkit-transform: rotate(-90deg);
  -ms-transform: rotate(-90deg);
  transform: rotate(-90deg);
  -webkit-animation: animation-0 0.6s infinite linear;
  animation: animation-0 0.6s infinite linear;
}

.emotion-0 {
  stroke-dasharray: 275;
  stroke-dashoffset: 200px;
  stroke: #574feb;
  -webkit-transition: stroke-dashoffset 300ms cubic-bezier(0.4,0,0.2,1) 0ms;
  transition: stroke-dashoffset 300ms cubic-bezier(0.4,0,0.2,1) 0ms;
}

.emotion-2 {
  line-height: 1rem;
  font-size: 20px;
}

.emotion-2 svg {
  font-size: 36px;
}

<div
  class="emotion-2 emotion-3 emotion-4 fp-Box fp-Spinner"
>
  <svg
    class="emotion-1 fp-Spinnervector"
    viewBox="22 22 44 44"
  >
    <circle
      class="emotion-0 fp-SpinnerloaderCircle"
      cx="44"
      cy="44"
      fill="none"
      r="20"
      stroke-width="4"
    />
  </svg>
</div>
`;

exports[`props should render correctly for size medium 1`] = `
@keyframes animation-0 {
  from {
    -webkit-transform: rotate(0deg);
    -ms-transform: rotate(0deg);
    transform: rotate(0deg);
  }

  to {
    -webkit-transform: rotate(360deg);
    -ms-transform: rotate(360deg);
    transform: rotate(360deg);
  }
}

@keyframes animation-0 {
  from {
    -webkit-transform: rotate(0deg);
    -ms-transform: rotate(0deg);
    transform: rotate(0deg);
  }

  to {
    -webkit-transform: rotate(360deg);
    -ms-transform: rotate(360deg);
    transform: rotate(360deg);
  }
}

.emotion-4 {
  color: #574feb !important;
}

.emotion-3 {
  margin: unset;
  padding: unset;
  border: unset;
  background: unset;
  font: unset;
  font-family: inherit;
  font-size: 100%;
  box-sizing: border-box;
}

.emotion-3:focus:not(:focus-visible) {
  outline: none;
}

.emotion-1 {
  width: 1em;
  height: 1em;
  -webkit-transform: rotate(-90deg);
  -ms-transform: rotate(-90deg);
  transform: rotate(-90deg);
  -webkit-animation: animation-0 0.6s infinite linear;
  animation: animation-0 0.6s infinite linear;
}

.emotion-0 {
  stroke-dasharray: 275;
  stroke-dashoffset: 200px;
  stroke: #574feb;
  -webkit-transition: stroke-dashoffset 300ms cubic-bezier(0.4,0,0.2,1) 0ms;
  transition: stroke-dashoffset 300ms cubic-bezier(0.4,0,0.2,1) 0ms;
}

.emotion-2 {
  line-height: 1rem;
  font-size: 20px;
}

.emotion-2 svg {
  font-size: 28px;
}

<div
  class="emotion-2 emotion-3 emotion-4 fp-Box fp-Spinner"
>
  <svg
    class="emotion-1 fp-Spinnervector"
    viewBox="22 22 44 44"
  >
    <circle
      class="emotion-0 fp-SpinnerloaderCircle"
      cx="44"
      cy="44"
      fill="none"
      r="20"
      stroke-width="4"
    />
  </svg>
</div>
`;

exports[`props should render correctly for size small 1`] = `
@keyframes animation-0 {
  from {
    -webkit-transform: rotate(0deg);
    -ms-transform: rotate(0deg);
    transform: rotate(0deg);
  }

  to {
    -webkit-transform: rotate(360deg);
    -ms-transform: rotate(360deg);
    transform: rotate(360deg);
  }
}

@keyframes animation-0 {
  from {
    -webkit-transform: rotate(0deg);
    -ms-transform: rotate(0deg);
    transform: rotate(0deg);
  }

  to {
    -webkit-transform: rotate(360deg);
    -ms-transform: rotate(360deg);
    transform: rotate(360deg);
  }
}

.emotion-4 {
  color: #574feb !important;
}

.emotion-3 {
  margin: unset;
  padding: unset;
  border: unset;
  background: unset;
  font: unset;
  font-family: inherit;
  font-size: 100%;
  box-sizing: border-box;
}

.emotion-3:focus:not(:focus-visible) {
  outline: none;
}

.emotion-1 {
  width: 1em;
  height: 1em;
  -webkit-transform: rotate(-90deg);
  -ms-transform: rotate(-90deg);
  transform: rotate(-90deg);
  -webkit-animation: animation-0 0.6s infinite linear;
  animation: animation-0 0.6s infinite linear;
}

.emotion-0 {
  stroke-dasharray: 275;
  stroke-dashoffset: 200px;
  stroke: #574feb;
  -webkit-transition: stroke-dashoffset 300ms cubic-bezier(0.4,0,0.2,1) 0ms;
  transition: stroke-dashoffset 300ms cubic-bezier(0.4,0,0.2,1) 0ms;
}

.emotion-2 {
  line-height: 1rem;
  font-size: 20px;
}

.emotion-2 svg {
  font-size: 14px;
  border-width: 2px;
}

<div
  class="emotion-2 emotion-3 emotion-4 fp-Box fp-Spinner"
>
  <svg
    class="emotion-1 fp-Spinnervector"
    viewBox="22 22 44 44"
  >
    <circle
      class="emotion-0 fp-SpinnerloaderCircle"
      cx="44"
      cy="44"
      fill="none"
      r="20"
      stroke-width="4"
    />
  </svg>
</div>
`;

exports[`props should render correctly for value 1`] = `
.emotion-4 {
  color: #574feb !important;
}

.emotion-3 {
  margin: unset;
  padding: unset;
  border: unset;
  background: unset;
  font: unset;
  font-family: inherit;
  font-size: 100%;
  box-sizing: border-box;
}

.emotion-3:focus:not(:focus-visible) {
  outline: none;
}

.emotion-2 {
  line-height: 1rem;
  font-size: 20px;
}

.emotion-1 {
  width: 1em;
  height: 1em;
  -webkit-transform: rotate(-90deg);
  -ms-transform: rotate(-90deg);
  transform: rotate(-90deg);
}

.emotion-0 {
  stroke-dasharray: 126;
  stroke-dashoffset: 94.5px;
  stroke: #574feb;
  -webkit-transition: stroke-dashoffset 300ms cubic-bezier(0.4,0,0.2,1) 0ms;
  transition: stroke-dashoffset 300ms cubic-bezier(0.4,0,0.2,1) 0ms;
}

<div
  class="emotion-2 emotion-3 emotion-4 fp-Box fp-Spinner"
  value="25"
>
  <svg
    class="emotion-1 fp-Spinnervector"
    viewBox="22 22 44 44"
  >
    <circle
      class="emotion-0 fp-SpinnerloaderCircle"
      cx="44"
      cy="44"
      fill="none"
      r="20"
      stroke-width="4"
    />
  </svg>
</div>
`;

exports[`theming Spinner.base should render correctly 1`] = `
@keyframes animation-0 {
  from {
    -webkit-transform: rotate(0deg);
    -ms-transform: rotate(0deg);
    transform: rotate(0deg);
  }

  to {
    -webkit-transform: rotate(360deg);
    -ms-transform: rotate(360deg);
    transform: rotate(360deg);
  }
}

@keyframes animation-0 {
  from {
    -webkit-transform: rotate(0deg);
    -ms-transform: rotate(0deg);
    transform: rotate(0deg);
  }

  to {
    -webkit-transform: rotate(360deg);
    -ms-transform: rotate(360deg);
    transform: rotate(360deg);
  }
}

@keyframes animation-0 {
  from {
    -webkit-transform: rotate(0deg);
    -ms-transform: rotate(0deg);
    transform: rotate(0deg);
  }

  to {
    -webkit-transform: rotate(360deg);
    -ms-transform: rotate(360deg);
    transform: rotate(360deg);
  }
}

.emotion-4 {
  color: #574feb !important;
}

.emotion-3 {
  margin: unset;
  padding: unset;
  border: unset;
  background: unset;
  font: unset;
  font-family: inherit;
  font-size: 100%;
  box-sizing: border-box;
}

.emotion-3:focus:not(:focus-visible) {
  outline: none;
}

.emotion-1 {
  width: 1em;
  height: 1em;
  -webkit-transform: rotate(-90deg);
  -ms-transform: rotate(-90deg);
  transform: rotate(-90deg);
  -webkit-animation: animation-0 0.6s infinite linear;
  animation: animation-0 0.6s infinite linear;
}

.emotion-0 {
  stroke-dasharray: 275;
  stroke-dashoffset: 200px;
  stroke: #574feb;
  -webkit-transition: stroke-dashoffset 300ms cubic-bezier(0.4,0,0.2,1) 0ms;
  transition: stroke-dashoffset 300ms cubic-bezier(0.4,0,0.2,1) 0ms;
}

.emotion-2 {
  line-height: 1rem;
  font-size: 20px;
}

.emotion-2 {
  background-color: #ff0000;
}

<div
  class="emotion-2 emotion-3 emotion-4 fp-Box fp-Spinner"
>
  <svg
    class="emotion-1 fp-Spinnervector"
    viewBox="22 22 44 44"
  >
    <circle
      class="emotion-0 fp-SpinnerloaderCircle"
      cx="44"
      cy="44"
      fill="none"
      r="20"
      stroke-width="4"
    />
  </svg>
</div>
`;

exports[`theming Spinner.loaderCircle.base should render correctly 1`] = `
@keyframes animation-0 {
  from {
    -webkit-transform: rotate(0deg);
    -ms-transform: rotate(0deg);
    transform: rotate(0deg);
  }

  to {
    -webkit-transform: rotate(360deg);
    -ms-transform: rotate(360deg);
    transform: rotate(360deg);
  }
}

@keyframes animation-0 {
  from {
    -webkit-transform: rotate(0deg);
    -ms-transform: rotate(0deg);
    transform: rotate(0deg);
  }

  to {
    -webkit-transform: rotate(360deg);
    -ms-transform: rotate(360deg);
    transform: rotate(360deg);
  }
}

@keyframes animation-0 {
  from {
    -webkit-transform: rotate(0deg);
    -ms-transform: rotate(0deg);
    transform: rotate(0deg);
  }

  to {
    -webkit-transform: rotate(360deg);
    -ms-transform: rotate(360deg);
    transform: rotate(360deg);
  }
}

.emotion-4 {
  color: #574feb !important;
}

.emotion-3 {
  margin: unset;
  padding: unset;
  border: unset;
  background: unset;
  font: unset;
  font-family: inherit;
  font-size: 100%;
  box-sizing: border-box;
}

.emotion-3:focus:not(:focus-visible) {
  outline: none;
}

.emotion-2 {
  line-height: 1rem;
  font-size: 20px;
}

.emotion-1 {
  width: 1em;
  height: 1em;
  -webkit-transform: rotate(-90deg);
  -ms-transform: rotate(-90deg);
  transform: rotate(-90deg);
  -webkit-animation: animation-0 0.6s infinite linear;
  animation: animation-0 0.6s infinite linear;
}

.emotion-0 {
  stroke-dasharray: 275;
  stroke-dashoffset: 200px;
  stroke: #574feb;
  -webkit-transition: stroke-dashoffset 300ms cubic-bezier(0.4,0,0.2,1) 0ms;
  transition: stroke-dashoffset 300ms cubic-bezier(0.4,0,0.2,1) 0ms;
}

.emotion-0 {
  background-color: #ff0000;
}

<div
  class="emotion-2 emotion-3 emotion-4 fp-Box fp-Spinner"
>
  <svg
    class="emotion-1 fp-Spinnervector"
    viewBox="22 22 44 44"
  >
    <circle
      class="emotion-0 fp-SpinnerloaderCircle"
      cx="44"
      cy="44"
      fill="none"
      r="20"
      stroke-width="4"
    />
  </svg>
</div>
`;

exports[`theming Spinner.trackCircle.base should render correctly 1`] = `
@keyframes animation-0 {
  from {
    -webkit-transform: rotate(0deg);
    -ms-transform: rotate(0deg);
    transform: rotate(0deg);
  }

  to {
    -webkit-transform: rotate(360deg);
    -ms-transform: rotate(360deg);
    transform: rotate(360deg);
  }
}

@keyframes animation-0 {
  from {
    -webkit-transform: rotate(0deg);
    -ms-transform: rotate(0deg);
    transform: rotate(0deg);
  }

  to {
    -webkit-transform: rotate(360deg);
    -ms-transform: rotate(360deg);
    transform: rotate(360deg);
  }
}

@keyframes animation-0 {
  from {
    -webkit-transform: rotate(0deg);
    -ms-transform: rotate(0deg);
    transform: rotate(0deg);
  }

  to {
    -webkit-transform: rotate(360deg);
    -ms-transform: rotate(360deg);
    transform: rotate(360deg);
  }
}

.emotion-4 {
  color: #574feb !important;
}

.emotion-3 {
  margin: unset;
  padding: unset;
  border: unset;
  background: unset;
  font: unset;
  font-family: inherit;
  font-size: 100%;
  box-sizing: border-box;
}

.emotion-3:focus:not(:focus-visible) {
  outline: none;
}

.emotion-2 {
  line-height: 1rem;
  font-size: 20px;
}

.emotion-1 {
  width: 1em;
  height: 1em;
  -webkit-transform: rotate(-90deg);
  -ms-transform: rotate(-90deg);
  transform: rotate(-90deg);
  -webkit-animation: animation-0 0.6s infinite linear;
  animation: animation-0 0.6s infinite linear;
}

.emotion-0 {
  stroke-dasharray: 275;
  stroke-dashoffset: 200px;
  stroke: #574feb;
  -webkit-transition: stroke-dashoffset 300ms cubic-bezier(0.4,0,0.2,1) 0ms;
  transition: stroke-dashoffset 300ms cubic-bezier(0.4,0,0.2,1) 0ms;
}

<div
  class="emotion-2 emotion-3 emotion-4 fp-Box fp-Spinner"
>
  <svg
    class="emotion-1 fp-Spinnervector"
    viewBox="22 22 44 44"
  >
    <circle
      class="emotion-0 fp-SpinnerloaderCircle"
      cx="44"
      cy="44"
      fill="none"
      r="20"
      stroke-width="4"
    />
  </svg>
</div>
`;

exports[`theming Spinner.vector.base should render correctly 1`] = `
@keyframes animation-0 {
  from {
    -webkit-transform: rotate(0deg);
    -ms-transform: rotate(0deg);
    transform: rotate(0deg);
  }

  to {
    -webkit-transform: rotate(360deg);
    -ms-transform: rotate(360deg);
    transform: rotate(360deg);
  }
}

@keyframes animation-0 {
  from {
    -webkit-transform: rotate(0deg);
    -ms-transform: rotate(0deg);
    transform: rotate(0deg);
  }

  to {
    -webkit-transform: rotate(360deg);
    -ms-transform: rotate(360deg);
    transform: rotate(360deg);
  }
}

@keyframes animation-0 {
  from {
    -webkit-transform: rotate(0deg);
    -ms-transform: rotate(0deg);
    transform: rotate(0deg);
  }

  to {
    -webkit-transform: rotate(360deg);
    -ms-transform: rotate(360deg);
    transform: rotate(360deg);
  }
}

.emotion-4 {
  color: #574feb !important;
}

.emotion-3 {
  margin: unset;
  padding: unset;
  border: unset;
  background: unset;
  font: unset;
  font-family: inherit;
  font-size: 100%;
  box-sizing: border-box;
}

.emotion-3:focus:not(:focus-visible) {
  outline: none;
}

.emotion-2 {
  line-height: 1rem;
  font-size: 20px;
}

.emotion-0 {
  stroke-dasharray: 275;
  stroke-dashoffset: 200px;
  stroke: #574feb;
  -webkit-transition: stroke-dashoffset 300ms cubic-bezier(0.4,0,0.2,1) 0ms;
  transition: stroke-dashoffset 300ms cubic-bezier(0.4,0,0.2,1) 0ms;
}

.emotion-1 {
  width: 1em;
  height: 1em;
  -webkit-transform: rotate(-90deg);
  -ms-transform: rotate(-90deg);
  transform: rotate(-90deg);
  -webkit-animation: animation-0 0.6s infinite linear;
  animation: animation-0 0.6s infinite linear;
}

.emotion-1 {
  background-color: #ff0000;
}

<div
  class="emotion-2 emotion-3 emotion-4 fp-Box fp-Spinner"
>
  <svg
    class="emotion-1 fp-Spinnervector"
    viewBox="22 22 44 44"
  >
    <circle
      class="emotion-0 fp-SpinnerloaderCircle"
      cx="44"
      cy="44"
      fill="none"
      r="20"
      stroke-width="4"
    />
  </svg>
</div>
`;
