// Jest Snapshot v1, https://goo.gl/fbAQLP

exports[`composition as should render correctly 1`] = `
.emotion-1 {
  margin: unset;
  padding: unset;
  border: unset;
  background: unset;
  font: unset;
  font-family: inherit;
  font-size: 100%;
  box-sizing: border-box;
}

.emotion-1:focus:not(:focus-visible) {
  outline: none;
}

.emotion-0:not(:last-child) {
  margin-bottom: 1rem;
}

.emotion-0 .fp-Icon {
  vertical-align: -0.125em;
}

<div
  class="emotion-0 emotion-1 emotion-2 fp-Box fp-Paragraph"
>
  Hello world
</div>
`;

exports[`composition hook should return with Paragraph props 1`] = `
Object {
  "className": "css-1g8gtm7 css-4lfl7m css-1yuzjtp fp-Box fp-Paragraph",
}
`;

exports[`composition render props should render correctly 1`] = `
.emotion-1 {
  margin: unset;
  padding: unset;
  border: unset;
  background: unset;
  font: unset;
  font-family: inherit;
  font-size: 100%;
  box-sizing: border-box;
}

.emotion-1:focus:not(:focus-visible) {
  outline: none;
}

.emotion-0:not(:last-child) {
  margin-bottom: 1rem;
}

.emotion-0 .fp-Icon {
  vertical-align: -0.125em;
}

<div
  class="emotion-0 emotion-1 emotion-2 fp-Box fp-Paragraph"
>
  Hello world
</div>
`;

exports[`defaultProps should render correctly for className 1`] = `
.emotion-1 {
  margin: unset;
  padding: unset;
  border: unset;
  background: unset;
  font: unset;
  font-family: inherit;
  font-size: 100%;
  box-sizing: border-box;
}

.emotion-1:focus:not(:focus-visible) {
  outline: none;
}

.emotion-0:not(:last-child) {
  margin-bottom: 1rem;
}

.emotion-0 .fp-Icon {
  vertical-align: -0.125em;
}

<p
  class="emotion-0 emotion-1 emotion-2 test fp-Box fp-Paragraph"
>
  hello world
</p>
`;

exports[`props should render correctly 1`] = `
.emotion-1 {
  margin: unset;
  padding: unset;
  border: unset;
  background: unset;
  font: unset;
  font-family: inherit;
  font-size: 100%;
  box-sizing: border-box;
}

.emotion-1:focus:not(:focus-visible) {
  outline: none;
}

.emotion-0:not(:last-child) {
  margin-bottom: 1rem;
}

.emotion-0 .fp-Icon {
  vertical-align: -0.125em;
}

<p
  class="emotion-0 emotion-1 emotion-2 fp-Box fp-Paragraph"
>
  Hello world
</p>
`;

exports[`props should render correctly with CSS props 1`] = `
.emotion-1 {
  margin: unset;
  padding: unset;
  border: unset;
  background: unset;
  font: unset;
  font-family: inherit;
  font-size: 100%;
  box-sizing: border-box;
}

.emotion-1:focus:not(:focus-visible) {
  outline: none;
}

.emotion-0:not(:last-child) {
  margin-bottom: 1rem;
}

.emotion-0 .fp-Icon {
  vertical-align: -0.125em;
}

.emotion-2 {
  color: #574feb !important;
}

<p
  class="emotion-0 emotion-1 emotion-2 fp-Box fp-Paragraph"
>
  Hello world
</p>
`;

exports[`theming Paragraph.base should render correctly 1`] = `
.emotion-1 {
  margin: unset;
  padding: unset;
  border: unset;
  background: unset;
  font: unset;
  font-family: inherit;
  font-size: 100%;
  box-sizing: border-box;
}

.emotion-1:focus:not(:focus-visible) {
  outline: none;
}

.emotion-0:not(:last-child) {
  margin-bottom: 1rem;
}

.emotion-0 .fp-Icon {
  vertical-align: -0.125em;
}

.emotion-0.emotion-0 {
  background-color: #ff0000;
}

<p
  class="emotion-0 emotion-1 emotion-2 fp-Box fp-Paragraph"
>
  hello world
</p>
`;
