// Jest Snapshot v1, https://goo.gl/fbAQLP

exports[`composition as should render correctly 1`] = `
.emotion-1 {
  margin: unset;
  padding: unset;
  border: unset;
  background: unset;
  font: unset;
  font-family: inherit;
  font-size: 100%;
  box-sizing: border-box;
}

.emotion-1:focus:not(:focus-visible) {
  outline: none;
}

.emotion-0 {
  display: grid-item;
}

<p
  class="emotion-0 emotion-1 emotion-2 fp-Box fp-GridItem"
>
  Hello world
</p>
`;

exports[`composition hook should return with GridItem props 1`] = `
Object {
  "className": "css-134ef9c css-1pwrqjj css-1yuzjtp fp-Box fp-GridItem",
}
`;

exports[`composition render props should render correctly 1`] = `
.emotion-1 {
  margin: unset;
  padding: unset;
  border: unset;
  background: unset;
  font: unset;
  font-family: inherit;
  font-size: 100%;
  box-sizing: border-box;
}

.emotion-1:focus:not(:focus-visible) {
  outline: none;
}

.emotion-0 {
  display: grid-item;
}

<div
  class="emotion-0 emotion-1 emotion-2 fp-Box fp-GridItem"
>
  Hello world
</div>
`;

exports[`defaultProps should render correctly for className 1`] = `
.emotion-1 {
  margin: unset;
  padding: unset;
  border: unset;
  background: unset;
  font: unset;
  font-family: inherit;
  font-size: 100%;
  box-sizing: border-box;
}

.emotion-1:focus:not(:focus-visible) {
  outline: none;
}

.emotion-0 {
  display: grid-item;
  grid-area: test;
}

<div
  class="emotion-0 emotion-1 emotion-2 test fp-Box fp-GridItem"
>
  hello world
</div>
`;

exports[`props should render correctly 1`] = `
.emotion-1 {
  margin: unset;
  padding: unset;
  border: unset;
  background: unset;
  font: unset;
  font-family: inherit;
  font-size: 100%;
  box-sizing: border-box;
}

.emotion-1:focus:not(:focus-visible) {
  outline: none;
}

.emotion-0 {
  display: grid-item;
}

<div
  class="emotion-0 emotion-1 emotion-2 fp-Box fp-GridItem"
>
  Hello world
</div>
`;

exports[`props should render correctly with CSS props 1`] = `
.emotion-1 {
  margin: unset;
  padding: unset;
  border: unset;
  background: unset;
  font: unset;
  font-family: inherit;
  font-size: 100%;
  box-sizing: border-box;
}

.emotion-1:focus:not(:focus-visible) {
  outline: none;
}

.emotion-0 {
  display: grid-item;
  grid-area: a;
}

<div
  class="emotion-0 emotion-1 emotion-2 fp-Box fp-GridItem"
>
  Hello world
</div>
`;

exports[`theming GridItem.base should render correctly 1`] = `
.emotion-1 {
  margin: unset;
  padding: unset;
  border: unset;
  background: unset;
  font: unset;
  font-family: inherit;
  font-size: 100%;
  box-sizing: border-box;
}

.emotion-1:focus:not(:focus-visible) {
  outline: none;
}

.emotion-0 {
  display: grid-item;
}

.emotion-0 {
  background-color: #ff0000;
}

<div
  class="emotion-0 emotion-1 emotion-2 fp-Box fp-GridItem"
>
  hello world
</div>
`;
