// Jest Snapshot v1, https://goo.gl/fbAQLP

exports[`composition as should render correctly 1`] = `
.emotion-0 {
  display: grid;
}

.emotion-1 {
  margin: unset;
  padding: unset;
  border: unset;
  background: unset;
  font: unset;
  font-family: inherit;
  font-size: 100%;
  box-sizing: border-box;
}

.emotion-1:focus:not(:focus-visible) {
  outline: none;
}

<p
  class="emotion-0 emotion-1 emotion-2 bb-Box bb-Grid"
>
  Hello world
</p>
`;

exports[`composition hook should return with Grid props 1`] = `
Object {
  "className": "css-x2olgu css-63it0p css-jwhr8m bb-Box bb-Grid",
}
`;

exports[`composition render props should render correctly 1`] = `
.emotion-0 {
  display: grid;
}

.emotion-1 {
  margin: unset;
  padding: unset;
  border: unset;
  background: unset;
  font: unset;
  font-family: inherit;
  font-size: 100%;
  box-sizing: border-box;
}

.emotion-1:focus:not(:focus-visible) {
  outline: none;
}

<div
  class="emotion-0 emotion-1 emotion-2 bb-Box bb-Grid"
>
  Hello world
</div>
`;

exports[`defaultProps should render correctly for className 1`] = `
.emotion-0 {
  display: grid;
  grid-auto-flow: row;
}

.emotion-1 {
  margin: unset;
  padding: unset;
  border: unset;
  background: unset;
  font: unset;
  font-family: inherit;
  font-size: 100%;
  box-sizing: border-box;
}

.emotion-1:focus:not(:focus-visible) {
  outline: none;
}

<div
  class="emotion-0 emotion-1 emotion-2 test bb-Box bb-Grid"
>
  hello world
</div>
`;

exports[`props should render correctly 1`] = `
.emotion-0 {
  display: grid;
}

.emotion-1 {
  margin: unset;
  padding: unset;
  border: unset;
  background: unset;
  font: unset;
  font-family: inherit;
  font-size: 100%;
  box-sizing: border-box;
}

.emotion-1:focus:not(:focus-visible) {
  outline: none;
}

<div
  class="emotion-0 emotion-1 emotion-2 bb-Box bb-Grid"
>
  Hello world
</div>
`;

exports[`props should render correctly with CSS props 1`] = `
.emotion-0 {
  display: grid;
  grid-auto-flow: row;
  grid-gap: 3vw;
}

.emotion-1 {
  margin: unset;
  padding: unset;
  border: unset;
  background: unset;
  font: unset;
  font-family: inherit;
  font-size: 100%;
  box-sizing: border-box;
}

.emotion-1:focus:not(:focus-visible) {
  outline: none;
}

.emotion-2 {
  gap: 3vw!important;
}

<div
  class="emotion-0 emotion-1 emotion-2 bb-Box bb-Grid"
>
  Hello world
</div>
`;

exports[`theming Grid.base should render correctly 1`] = `
.emotion-0 {
  display: grid;
}

.emotion-0 {
  background-color: var(--bb-palette-red, #ff0000);
}

.emotion-1 {
  margin: unset;
  padding: unset;
  border: unset;
  background: unset;
  font: unset;
  font-family: inherit;
  font-size: 100%;
  box-sizing: border-box;
}

.emotion-1:focus:not(:focus-visible) {
  outline: none;
}

<div
  class="emotion-0 emotion-1 emotion-2 bb-Box bb-Grid"
>
  hello world
</div>
`;
