// Jest Snapshot v1, https://goo.gl/fbAQLP

exports[`defaultProps should render correctly for className 1`] = `
.emotion-1 {
  margin: unset;
  padding: unset;
  border: unset;
  background: unset;
  font: unset;
  font-family: inherit;
  font-size: 100%;
  box-sizing: border-box;
}

.emotion-1:focus:not(:focus-visible) {
  outline: none;
}

.emotion-28 {
  padding: 0.5rem 0;
  width: 100%;
}

.emotion-4 {
  background-color: unset;
  cursor: pointer;
  display: block;
  font-weight: 600;
  padding: 0.375rem 1rem;
  text-align: left;
  width: 100%;
  -webkit-transition: background-color 0.1s;
  transition: background-color 0.1s;
}

a.emotion-4 {
  color: unset;
  fill: unset;
  -webkit-text-decoration: unset;
  text-decoration: unset;
}

a.emotion-4:hover {
  color: unset;
  fill: unset;
}

.emotion-4[disabled] {
  cursor: not-allowed;
  opacity: 0.5;
}

.emotion-4:not(:disabled):focus {
  outline: unset;
  background-color: #f7f7fa;
}

.emotion-4:not(:disabled):hover {
  background-color: #f7f7fa;
}

.emotion-4:not(:disabled):focus:active,
.emotion-4:not(:disabled):hover:active {
  background-color: #f2f2f5;
}

.emotion-4 .fp-Icon {
  vertical-align: -0.125em;
}

.emotion-3 {
  margin-right: 0.5rem;
}

.emotion-0 {
  fill: inherit;
  position: relative;
  height: 1em;
  width: 1em;
}

.emotion-27 {
  color: #da1717 !important;
}

.emotion-30 {
  color: #574feb !important;
}

<div
  class="emotion-28 emotion-1 emotion-30 test fp-Box fp-Menu"
  role="menu"
>
  <div
    class="emotion-4 emotion-1 emotion-2 fp-Box fp-MenuItem"
    id="test"
    role="menuitem"
    tabindex="0"
  >
    <svg
      class="emotion-0 emotion-1 emotion-2 emotion-3 fp-MenuItemIcon fp-Box fp-Icon"
      role="img"
      viewBox="0 0 0 0"
    />
    Edit
  </div>
  <div
    class="emotion-4 emotion-1 emotion-2 fp-Box fp-MenuItem"
    id="test"
    role="menuitem"
    tabindex="0"
  >
    <svg
      class="emotion-0 emotion-1 emotion-2 emotion-3 fp-MenuItemIcon fp-Box fp-Icon"
      role="img"
      viewBox="0 0 0 0"
    />
    Share
  </div>
  <div
    class="emotion-4 emotion-1 emotion-2 fp-Box fp-MenuItem"
    id="test"
    role="menuitem"
    tabindex="0"
  >
    <svg
      class="emotion-0 emotion-1 emotion-2 emotion-3 fp-MenuItemIcon fp-Box fp-Icon"
      role="img"
      viewBox="0 0 0 0"
    />
    Rename
  </div>
  <div
    class="emotion-4 emotion-1 emotion-27 fp-Box fp-MenuItem"
    id="test"
    role="menuitem"
    tabindex="0"
  >
    <svg
      class="emotion-0 emotion-1 emotion-2 emotion-3 fp-MenuItemIcon fp-Box fp-Icon"
      role="img"
      viewBox="0 0 0 0"
    />
    Delete
  </div>
</div>
`;

exports[`overrides Menu.Divider.styles.base should render correctly 1`] = `
.emotion-1 {
  margin: unset;
  padding: unset;
  border: unset;
  background: unset;
  font: unset;
  font-family: inherit;
  font-size: 100%;
  box-sizing: border-box;
}

.emotion-1:focus:not(:focus-visible) {
  outline: none;
}

.emotion-28 {
  padding: 0.5rem 0;
  width: 100%;
}

.emotion-4 {
  background-color: unset;
  cursor: pointer;
  display: block;
  font-weight: 600;
  padding: 0.375rem 1rem;
  text-align: left;
  width: 100%;
  -webkit-transition: background-color 0.1s;
  transition: background-color 0.1s;
}

a.emotion-4 {
  color: unset;
  fill: unset;
  -webkit-text-decoration: unset;
  text-decoration: unset;
}

a.emotion-4:hover {
  color: unset;
  fill: unset;
}

.emotion-4[disabled] {
  cursor: not-allowed;
  opacity: 0.5;
}

.emotion-4:not(:disabled):focus {
  outline: unset;
  background-color: #f7f7fa;
}

.emotion-4:not(:disabled):hover {
  background-color: #f7f7fa;
}

.emotion-4:not(:disabled):focus:active,
.emotion-4:not(:disabled):hover:active {
  background-color: #f2f2f5;
}

.emotion-4 .fp-Icon {
  vertical-align: -0.125em;
}

.emotion-3 {
  margin-right: 0.5rem;
}

.emotion-0 {
  fill: inherit;
  position: relative;
  height: 1em;
  width: 1em;
}

.emotion-27 {
  color: #da1717 !important;
}

<div
  class="emotion-28 emotion-1 emotion-2 fp-Box fp-Menu"
  role="menu"
>
  <div
    class="emotion-4 emotion-1 emotion-2 fp-Box fp-MenuItem"
    id="test"
    role="menuitem"
    tabindex="0"
  >
    <svg
      class="emotion-0 emotion-1 emotion-2 emotion-3 fp-MenuItemIcon fp-Box fp-Icon"
      role="img"
      viewBox="0 0 0 0"
    />
    Edit
  </div>
  <div
    class="emotion-4 emotion-1 emotion-2 fp-Box fp-MenuItem"
    id="test"
    role="menuitem"
    tabindex="0"
  >
    <svg
      class="emotion-0 emotion-1 emotion-2 emotion-3 fp-MenuItemIcon fp-Box fp-Icon"
      role="img"
      viewBox="0 0 0 0"
    />
    Share
  </div>
  <div
    class="emotion-4 emotion-1 emotion-2 fp-Box fp-MenuItem"
    id="test"
    role="menuitem"
    tabindex="0"
  >
    <svg
      class="emotion-0 emotion-1 emotion-2 emotion-3 fp-MenuItemIcon fp-Box fp-Icon"
      role="img"
      viewBox="0 0 0 0"
    />
    Rename
  </div>
  <div
    class="emotion-4 emotion-1 emotion-27 fp-Box fp-MenuItem"
    id="test"
    role="menuitem"
    tabindex="0"
  >
    <svg
      class="emotion-0 emotion-1 emotion-2 emotion-3 fp-MenuItemIcon fp-Box fp-Icon"
      role="img"
      viewBox="0 0 0 0"
    />
    Delete
  </div>
</div>
`;

exports[`overrides Menu.Group.styles.base should render correctly 1`] = `
.emotion-1 {
  margin: unset;
  padding: unset;
  border: unset;
  background: unset;
  font: unset;
  font-family: inherit;
  font-size: 100%;
  box-sizing: border-box;
}

.emotion-1:focus:not(:focus-visible) {
  outline: none;
}

.emotion-28 {
  padding: 0.5rem 0;
  width: 100%;
}

.emotion-4 {
  background-color: unset;
  cursor: pointer;
  display: block;
  font-weight: 600;
  padding: 0.375rem 1rem;
  text-align: left;
  width: 100%;
  -webkit-transition: background-color 0.1s;
  transition: background-color 0.1s;
}

a.emotion-4 {
  color: unset;
  fill: unset;
  -webkit-text-decoration: unset;
  text-decoration: unset;
}

a.emotion-4:hover {
  color: unset;
  fill: unset;
}

.emotion-4[disabled] {
  cursor: not-allowed;
  opacity: 0.5;
}

.emotion-4:not(:disabled):focus {
  outline: unset;
  background-color: #f7f7fa;
}

.emotion-4:not(:disabled):hover {
  background-color: #f7f7fa;
}

.emotion-4:not(:disabled):focus:active,
.emotion-4:not(:disabled):hover:active {
  background-color: #f2f2f5;
}

.emotion-4 .fp-Icon {
  vertical-align: -0.125em;
}

.emotion-3 {
  margin-right: 0.5rem;
}

.emotion-0 {
  fill: inherit;
  position: relative;
  height: 1em;
  width: 1em;
}

.emotion-27 {
  color: #da1717 !important;
}

<div
  class="emotion-28 emotion-1 emotion-2 fp-Box fp-Menu"
  role="menu"
>
  <div
    class="emotion-4 emotion-1 emotion-2 fp-Box fp-MenuItem"
    id="test"
    role="menuitem"
    tabindex="0"
  >
    <svg
      class="emotion-0 emotion-1 emotion-2 emotion-3 fp-MenuItemIcon fp-Box fp-Icon"
      role="img"
      viewBox="0 0 0 0"
    />
    Edit
  </div>
  <div
    class="emotion-4 emotion-1 emotion-2 fp-Box fp-MenuItem"
    id="test"
    role="menuitem"
    tabindex="0"
  >
    <svg
      class="emotion-0 emotion-1 emotion-2 emotion-3 fp-MenuItemIcon fp-Box fp-Icon"
      role="img"
      viewBox="0 0 0 0"
    />
    Share
  </div>
  <div
    class="emotion-4 emotion-1 emotion-2 fp-Box fp-MenuItem"
    id="test"
    role="menuitem"
    tabindex="0"
  >
    <svg
      class="emotion-0 emotion-1 emotion-2 emotion-3 fp-MenuItemIcon fp-Box fp-Icon"
      role="img"
      viewBox="0 0 0 0"
    />
    Rename
  </div>
  <div
    class="emotion-4 emotion-1 emotion-27 fp-Box fp-MenuItem"
    id="test"
    role="menuitem"
    tabindex="0"
  >
    <svg
      class="emotion-0 emotion-1 emotion-2 emotion-3 fp-MenuItemIcon fp-Box fp-Icon"
      role="img"
      viewBox="0 0 0 0"
    />
    Delete
  </div>
</div>
`;

exports[`overrides Menu.Item.styles.base should render correctly 1`] = `
.emotion-1 {
  margin: unset;
  padding: unset;
  border: unset;
  background: unset;
  font: unset;
  font-family: inherit;
  font-size: 100%;
  box-sizing: border-box;
}

.emotion-1:focus:not(:focus-visible) {
  outline: none;
}

.emotion-28 {
  padding: 0.5rem 0;
  width: 100%;
}

.emotion-3 {
  margin-right: 0.5rem;
}

.emotion-0 {
  fill: inherit;
  position: relative;
  height: 1em;
  width: 1em;
}

.emotion-27 {
  color: #da1717 !important;
}

.emotion-4 {
  background-color: unset;
  cursor: pointer;
  display: block;
  font-weight: 600;
  padding: 0.375rem 1rem;
  text-align: left;
  width: 100%;
  -webkit-transition: background-color 0.1s;
  transition: background-color 0.1s;
}

a.emotion-4 {
  color: unset;
  fill: unset;
  -webkit-text-decoration: unset;
  text-decoration: unset;
}

a.emotion-4:hover {
  color: unset;
  fill: unset;
}

.emotion-4[disabled] {
  cursor: not-allowed;
  opacity: 0.5;
}

.emotion-4:not(:disabled):focus {
  outline: unset;
  background-color: #f7f7fa;
}

.emotion-4:not(:disabled):hover {
  background-color: #f7f7fa;
}

.emotion-4:not(:disabled):focus:active,
.emotion-4:not(:disabled):hover:active {
  background-color: #f2f2f5;
}

.emotion-4 .fp-Icon {
  vertical-align: -0.125em;
}

.emotion-4 {
  background-color: #ff0000;
}

<div
  class="emotion-28 emotion-1 emotion-2 fp-Box fp-Menu"
  role="menu"
>
  <div
    class="emotion-4 emotion-1 emotion-2 fp-Box fp-MenuItem"
    id="test"
    role="menuitem"
    tabindex="0"
  >
    <svg
      class="emotion-0 emotion-1 emotion-2 emotion-3 fp-MenuItemIcon fp-Box fp-Icon"
      role="img"
      viewBox="0 0 0 0"
    />
    Edit
  </div>
  <div
    class="emotion-4 emotion-1 emotion-2 fp-Box fp-MenuItem"
    id="test"
    role="menuitem"
    tabindex="0"
  >
    <svg
      class="emotion-0 emotion-1 emotion-2 emotion-3 fp-MenuItemIcon fp-Box fp-Icon"
      role="img"
      viewBox="0 0 0 0"
    />
    Share
  </div>
  <div
    class="emotion-4 emotion-1 emotion-2 fp-Box fp-MenuItem"
    id="test"
    role="menuitem"
    tabindex="0"
  >
    <svg
      class="emotion-0 emotion-1 emotion-2 emotion-3 fp-MenuItemIcon fp-Box fp-Icon"
      role="img"
      viewBox="0 0 0 0"
    />
    Rename
  </div>
  <div
    class="emotion-4 emotion-1 emotion-27 fp-Box fp-MenuItem"
    id="test"
    role="menuitem"
    tabindex="0"
  >
    <svg
      class="emotion-0 emotion-1 emotion-2 emotion-3 fp-MenuItemIcon fp-Box fp-Icon"
      role="img"
      viewBox="0 0 0 0"
    />
    Delete
  </div>
</div>
`;

exports[`overrides Menu.styles.base should render correctly 1`] = `
.emotion-1 {
  margin: unset;
  padding: unset;
  border: unset;
  background: unset;
  font: unset;
  font-family: inherit;
  font-size: 100%;
  box-sizing: border-box;
}

.emotion-1:focus:not(:focus-visible) {
  outline: none;
}

.emotion-4 {
  background-color: unset;
  cursor: pointer;
  display: block;
  font-weight: 600;
  padding: 0.375rem 1rem;
  text-align: left;
  width: 100%;
  -webkit-transition: background-color 0.1s;
  transition: background-color 0.1s;
}

a.emotion-4 {
  color: unset;
  fill: unset;
  -webkit-text-decoration: unset;
  text-decoration: unset;
}

a.emotion-4:hover {
  color: unset;
  fill: unset;
}

.emotion-4[disabled] {
  cursor: not-allowed;
  opacity: 0.5;
}

.emotion-4:not(:disabled):focus {
  outline: unset;
  background-color: #f7f7fa;
}

.emotion-4:not(:disabled):hover {
  background-color: #f7f7fa;
}

.emotion-4:not(:disabled):focus:active,
.emotion-4:not(:disabled):hover:active {
  background-color: #f2f2f5;
}

.emotion-4 .fp-Icon {
  vertical-align: -0.125em;
}

.emotion-3 {
  margin-right: 0.5rem;
}

.emotion-0 {
  fill: inherit;
  position: relative;
  height: 1em;
  width: 1em;
}

.emotion-27 {
  color: #da1717 !important;
}

.emotion-28 {
  padding: 0.5rem 0;
  width: 100%;
}

.emotion-28 {
  background-color: #ff0000;
}

<div
  class="emotion-28 emotion-1 emotion-2 fp-Box fp-Menu"
  role="menu"
>
  <div
    class="emotion-4 emotion-1 emotion-2 fp-Box fp-MenuItem"
    id="test"
    role="menuitem"
    tabindex="0"
  >
    <svg
      class="emotion-0 emotion-1 emotion-2 emotion-3 fp-MenuItemIcon fp-Box fp-Icon"
      role="img"
      viewBox="0 0 0 0"
    />
    Edit
  </div>
  <div
    class="emotion-4 emotion-1 emotion-2 fp-Box fp-MenuItem"
    id="test"
    role="menuitem"
    tabindex="0"
  >
    <svg
      class="emotion-0 emotion-1 emotion-2 emotion-3 fp-MenuItemIcon fp-Box fp-Icon"
      role="img"
      viewBox="0 0 0 0"
    />
    Share
  </div>
  <div
    class="emotion-4 emotion-1 emotion-2 fp-Box fp-MenuItem"
    id="test"
    role="menuitem"
    tabindex="0"
  >
    <svg
      class="emotion-0 emotion-1 emotion-2 emotion-3 fp-MenuItemIcon fp-Box fp-Icon"
      role="img"
      viewBox="0 0 0 0"
    />
    Rename
  </div>
  <div
    class="emotion-4 emotion-1 emotion-27 fp-Box fp-MenuItem"
    id="test"
    role="menuitem"
    tabindex="0"
  >
    <svg
      class="emotion-0 emotion-1 emotion-2 emotion-3 fp-MenuItemIcon fp-Box fp-Icon"
      role="img"
      viewBox="0 0 0 0"
    />
    Delete
  </div>
</div>
`;

exports[`props should render correctly 1`] = `
.emotion-1 {
  margin: unset;
  padding: unset;
  border: unset;
  background: unset;
  font: unset;
  font-family: inherit;
  font-size: 100%;
  box-sizing: border-box;
}

.emotion-1:focus:not(:focus-visible) {
  outline: none;
}

.emotion-28 {
  padding: 0.5rem 0;
  width: 100%;
}

.emotion-4 {
  background-color: unset;
  cursor: pointer;
  display: block;
  font-weight: 600;
  padding: 0.375rem 1rem;
  text-align: left;
  width: 100%;
  -webkit-transition: background-color 0.1s;
  transition: background-color 0.1s;
}

a.emotion-4 {
  color: unset;
  fill: unset;
  -webkit-text-decoration: unset;
  text-decoration: unset;
}

a.emotion-4:hover {
  color: unset;
  fill: unset;
}

.emotion-4[disabled] {
  cursor: not-allowed;
  opacity: 0.5;
}

.emotion-4:not(:disabled):focus {
  outline: unset;
  background-color: #f7f7fa;
}

.emotion-4:not(:disabled):hover {
  background-color: #f7f7fa;
}

.emotion-4:not(:disabled):focus:active,
.emotion-4:not(:disabled):hover:active {
  background-color: #f2f2f5;
}

.emotion-4 .fp-Icon {
  vertical-align: -0.125em;
}

.emotion-3 {
  margin-right: 0.5rem;
}

.emotion-0 {
  fill: inherit;
  position: relative;
  height: 1em;
  width: 1em;
}

.emotion-27 {
  color: #da1717 !important;
}

<div
  class="emotion-28 emotion-1 emotion-2 fp-Box fp-Menu"
  role="menu"
>
  <div
    class="emotion-4 emotion-1 emotion-2 fp-Box fp-MenuItem"
    id="test"
    role="menuitem"
    tabindex="0"
  >
    <svg
      class="emotion-0 emotion-1 emotion-2 emotion-3 fp-MenuItemIcon fp-Box fp-Icon"
      role="img"
      viewBox="0 0 0 0"
    />
    Edit
  </div>
  <div
    class="emotion-4 emotion-1 emotion-2 fp-Box fp-MenuItem"
    id="test"
    role="menuitem"
    tabindex="0"
  >
    <svg
      class="emotion-0 emotion-1 emotion-2 emotion-3 fp-MenuItemIcon fp-Box fp-Icon"
      role="img"
      viewBox="0 0 0 0"
    />
    Share
  </div>
  <div
    class="emotion-4 emotion-1 emotion-2 fp-Box fp-MenuItem"
    id="test"
    role="menuitem"
    tabindex="0"
  >
    <svg
      class="emotion-0 emotion-1 emotion-2 emotion-3 fp-MenuItemIcon fp-Box fp-Icon"
      role="img"
      viewBox="0 0 0 0"
    />
    Rename
  </div>
  <div
    class="emotion-4 emotion-1 emotion-27 fp-Box fp-MenuItem"
    id="test"
    role="menuitem"
    tabindex="0"
  >
    <svg
      class="emotion-0 emotion-1 emotion-2 emotion-3 fp-MenuItemIcon fp-Box fp-Icon"
      role="img"
      viewBox="0 0 0 0"
    />
    Delete
  </div>
</div>
`;

exports[`props should render correctly for CSS props 1`] = `
.emotion-1 {
  margin: unset;
  padding: unset;
  border: unset;
  background: unset;
  font: unset;
  font-family: inherit;
  font-size: 100%;
  box-sizing: border-box;
}

.emotion-1:focus:not(:focus-visible) {
  outline: none;
}

.emotion-28 {
  padding: 0.5rem 0;
  width: 100%;
}

.emotion-4 {
  background-color: unset;
  cursor: pointer;
  display: block;
  font-weight: 600;
  padding: 0.375rem 1rem;
  text-align: left;
  width: 100%;
  -webkit-transition: background-color 0.1s;
  transition: background-color 0.1s;
}

a.emotion-4 {
  color: unset;
  fill: unset;
  -webkit-text-decoration: unset;
  text-decoration: unset;
}

a.emotion-4:hover {
  color: unset;
  fill: unset;
}

.emotion-4[disabled] {
  cursor: not-allowed;
  opacity: 0.5;
}

.emotion-4:not(:disabled):focus {
  outline: unset;
  background-color: #f7f7fa;
}

.emotion-4:not(:disabled):hover {
  background-color: #f7f7fa;
}

.emotion-4:not(:disabled):focus:active,
.emotion-4:not(:disabled):hover:active {
  background-color: #f2f2f5;
}

.emotion-4 .fp-Icon {
  vertical-align: -0.125em;
}

.emotion-3 {
  margin-right: 0.5rem;
}

.emotion-0 {
  fill: inherit;
  position: relative;
  height: 1em;
  width: 1em;
}

.emotion-27 {
  color: #da1717 !important;
}

.emotion-30 {
  background-color: #ff0000 !important;
}

<div
  class="emotion-28 emotion-1 emotion-30 fp-Box fp-Menu"
  role="menu"
>
  <div
    class="emotion-4 emotion-1 emotion-2 fp-Box fp-MenuItem"
    id="test"
    role="menuitem"
    tabindex="0"
  >
    <svg
      class="emotion-0 emotion-1 emotion-2 emotion-3 fp-MenuItemIcon fp-Box fp-Icon"
      role="img"
      viewBox="0 0 0 0"
    />
    Edit
  </div>
  <div
    class="emotion-4 emotion-1 emotion-2 fp-Box fp-MenuItem"
    id="test"
    role="menuitem"
    tabindex="0"
  >
    <svg
      class="emotion-0 emotion-1 emotion-2 emotion-3 fp-MenuItemIcon fp-Box fp-Icon"
      role="img"
      viewBox="0 0 0 0"
    />
    Share
  </div>
  <div
    class="emotion-4 emotion-1 emotion-2 fp-Box fp-MenuItem"
    id="test"
    role="menuitem"
    tabindex="0"
  >
    <svg
      class="emotion-0 emotion-1 emotion-2 emotion-3 fp-MenuItemIcon fp-Box fp-Icon"
      role="img"
      viewBox="0 0 0 0"
    />
    Rename
  </div>
  <div
    class="emotion-4 emotion-1 emotion-27 fp-Box fp-MenuItem"
    id="test"
    role="menuitem"
    tabindex="0"
  >
    <svg
      class="emotion-0 emotion-1 emotion-2 emotion-3 fp-MenuItemIcon fp-Box fp-Icon"
      role="img"
      viewBox="0 0 0 0"
    />
    Delete
  </div>
</div>
`;

exports[`props should render correctly for an invisible dropdown menu 1`] = `
.emotion-1 {
  margin: unset;
  padding: unset;
  border: unset;
  background: unset;
  font: unset;
  font-family: inherit;
  font-size: 100%;
  box-sizing: border-box;
}

.emotion-1:focus:not(:focus-visible) {
  outline: none;
}

.emotion-28 {
  padding: 0.5rem 0;
  width: 100%;
}

.emotion-4 {
  background-color: unset;
  cursor: pointer;
  display: block;
  font-weight: 600;
  padding: 0.375rem 1rem;
  text-align: left;
  width: 100%;
  -webkit-transition: background-color 0.1s;
  transition: background-color 0.1s;
}

a.emotion-4 {
  color: unset;
  fill: unset;
  -webkit-text-decoration: unset;
  text-decoration: unset;
}

a.emotion-4:hover {
  color: unset;
  fill: unset;
}

.emotion-4[disabled] {
  cursor: not-allowed;
  opacity: 0.5;
}

.emotion-4:not(:disabled):focus {
  outline: unset;
  background-color: #f7f7fa;
}

.emotion-4:not(:disabled):hover {
  background-color: #f7f7fa;
}

.emotion-4:not(:disabled):focus:active,
.emotion-4:not(:disabled):hover:active {
  background-color: #f2f2f5;
}

.emotion-4 .fp-Icon {
  vertical-align: -0.125em;
}

.emotion-3 {
  margin-right: 0.5rem;
}

.emotion-0 {
  fill: inherit;
  position: relative;
  height: 1em;
  width: 1em;
}

.emotion-27 {
  color: #da1717 !important;
}

<div
  class="emotion-28 emotion-1 emotion-2 fp-Box fp-Menu"
  role="menu"
>
  <div
    class="emotion-4 emotion-1 emotion-2 fp-Box fp-MenuItem"
    id="test"
    role="menuitem"
    tabindex="0"
  >
    <svg
      class="emotion-0 emotion-1 emotion-2 emotion-3 fp-MenuItemIcon fp-Box fp-Icon"
      role="img"
      viewBox="0 0 0 0"
    />
    Edit
  </div>
  <div
    class="emotion-4 emotion-1 emotion-2 fp-Box fp-MenuItem"
    id="test"
    role="menuitem"
    tabindex="0"
  >
    <svg
      class="emotion-0 emotion-1 emotion-2 emotion-3 fp-MenuItemIcon fp-Box fp-Icon"
      role="img"
      viewBox="0 0 0 0"
    />
    Share
  </div>
  <div
    class="emotion-4 emotion-1 emotion-2 fp-Box fp-MenuItem"
    id="test"
    role="menuitem"
    tabindex="0"
  >
    <svg
      class="emotion-0 emotion-1 emotion-2 emotion-3 fp-MenuItemIcon fp-Box fp-Icon"
      role="img"
      viewBox="0 0 0 0"
    />
    Rename
  </div>
  <div
    class="emotion-4 emotion-1 emotion-27 fp-Box fp-MenuItem"
    id="test"
    role="menuitem"
    tabindex="0"
  >
    <svg
      class="emotion-0 emotion-1 emotion-2 emotion-3 fp-MenuItemIcon fp-Box fp-Icon"
      role="img"
      viewBox="0 0 0 0"
    />
    Delete
  </div>
</div>
`;

exports[`props should render correctly with groups 1`] = `
.emotion-1 {
  margin: unset;
  padding: unset;
  border: unset;
  background: unset;
  font: unset;
  font-family: inherit;
  font-size: 100%;
  box-sizing: border-box;
}

.emotion-1:focus:not(:focus-visible) {
  outline: none;
}

.emotion-28 {
  padding: 0.5rem 0;
  width: 100%;
}

.emotion-4 {
  background-color: unset;
  cursor: pointer;
  display: block;
  font-weight: 600;
  padding: 0.375rem 1rem;
  text-align: left;
  width: 100%;
  -webkit-transition: background-color 0.1s;
  transition: background-color 0.1s;
}

a.emotion-4 {
  color: unset;
  fill: unset;
  -webkit-text-decoration: unset;
  text-decoration: unset;
}

a.emotion-4:hover {
  color: unset;
  fill: unset;
}

.emotion-4[disabled] {
  cursor: not-allowed;
  opacity: 0.5;
}

.emotion-4:not(:disabled):focus {
  outline: unset;
  background-color: #f7f7fa;
}

.emotion-4:not(:disabled):hover {
  background-color: #f7f7fa;
}

.emotion-4:not(:disabled):focus:active,
.emotion-4:not(:disabled):hover:active {
  background-color: #f2f2f5;
}

.emotion-4 .fp-Icon {
  vertical-align: -0.125em;
}

.emotion-3 {
  margin-right: 0.5rem;
}

.emotion-0 {
  fill: inherit;
  position: relative;
  height: 1em;
  width: 1em;
}

.emotion-27 {
  color: #da1717 !important;
}

<div
  class="emotion-28 emotion-1 emotion-2 fp-Box fp-Menu"
  role="menu"
>
  <div
    class="emotion-4 emotion-1 emotion-2 fp-Box fp-MenuItem"
    id="test"
    role="menuitem"
    tabindex="0"
  >
    <svg
      class="emotion-0 emotion-1 emotion-2 emotion-3 fp-MenuItemIcon fp-Box fp-Icon"
      role="img"
      viewBox="0 0 0 0"
    />
    Edit
  </div>
  <div
    class="emotion-4 emotion-1 emotion-2 fp-Box fp-MenuItem"
    id="test"
    role="menuitem"
    tabindex="0"
  >
    <svg
      class="emotion-0 emotion-1 emotion-2 emotion-3 fp-MenuItemIcon fp-Box fp-Icon"
      role="img"
      viewBox="0 0 0 0"
    />
    Share
  </div>
  <div
    class="emotion-4 emotion-1 emotion-2 fp-Box fp-MenuItem"
    id="test"
    role="menuitem"
    tabindex="0"
  >
    <svg
      class="emotion-0 emotion-1 emotion-2 emotion-3 fp-MenuItemIcon fp-Box fp-Icon"
      role="img"
      viewBox="0 0 0 0"
    />
    Rename
  </div>
  <div
    class="emotion-4 emotion-1 emotion-27 fp-Box fp-MenuItem"
    id="test"
    role="menuitem"
    tabindex="0"
  >
    <svg
      class="emotion-0 emotion-1 emotion-2 emotion-3 fp-MenuItemIcon fp-Box fp-Icon"
      role="img"
      viewBox="0 0 0 0"
    />
    Delete
  </div>
</div>
`;

exports[`theming Menu.Divider.styles.base should render correctly 1`] = `
.emotion-1 {
  margin: unset;
  padding: unset;
  border: unset;
  background: unset;
  font: unset;
  font-family: inherit;
  font-size: 100%;
  box-sizing: border-box;
}

.emotion-1:focus:not(:focus-visible) {
  outline: none;
}

.emotion-28 {
  padding: 0.5rem 0;
  width: 100%;
}

.emotion-4 {
  background-color: unset;
  cursor: pointer;
  display: block;
  font-weight: 600;
  padding: 0.375rem 1rem;
  text-align: left;
  width: 100%;
  -webkit-transition: background-color 0.1s;
  transition: background-color 0.1s;
}

a.emotion-4 {
  color: unset;
  fill: unset;
  -webkit-text-decoration: unset;
  text-decoration: unset;
}

a.emotion-4:hover {
  color: unset;
  fill: unset;
}

.emotion-4[disabled] {
  cursor: not-allowed;
  opacity: 0.5;
}

.emotion-4:not(:disabled):focus {
  outline: unset;
  background-color: #f7f7fa;
}

.emotion-4:not(:disabled):hover {
  background-color: #f7f7fa;
}

.emotion-4:not(:disabled):focus:active,
.emotion-4:not(:disabled):hover:active {
  background-color: #f2f2f5;
}

.emotion-4 .fp-Icon {
  vertical-align: -0.125em;
}

.emotion-3 {
  margin-right: 0.5rem;
}

.emotion-0 {
  fill: inherit;
  position: relative;
  height: 1em;
  width: 1em;
}

.emotion-27 {
  color: #da1717 !important;
}

<div
  class="emotion-28 emotion-1 emotion-2 fp-Box fp-Menu"
  role="menu"
>
  <div
    class="emotion-4 emotion-1 emotion-2 fp-Box fp-MenuItem"
    id="test"
    role="menuitem"
    tabindex="0"
  >
    <svg
      class="emotion-0 emotion-1 emotion-2 emotion-3 fp-MenuItemIcon fp-Box fp-Icon"
      role="img"
      viewBox="0 0 0 0"
    />
    Edit
  </div>
  <div
    class="emotion-4 emotion-1 emotion-2 fp-Box fp-MenuItem"
    id="test"
    role="menuitem"
    tabindex="0"
  >
    <svg
      class="emotion-0 emotion-1 emotion-2 emotion-3 fp-MenuItemIcon fp-Box fp-Icon"
      role="img"
      viewBox="0 0 0 0"
    />
    Share
  </div>
  <div
    class="emotion-4 emotion-1 emotion-2 fp-Box fp-MenuItem"
    id="test"
    role="menuitem"
    tabindex="0"
  >
    <svg
      class="emotion-0 emotion-1 emotion-2 emotion-3 fp-MenuItemIcon fp-Box fp-Icon"
      role="img"
      viewBox="0 0 0 0"
    />
    Rename
  </div>
  <div
    class="emotion-4 emotion-1 emotion-27 fp-Box fp-MenuItem"
    id="test"
    role="menuitem"
    tabindex="0"
  >
    <svg
      class="emotion-0 emotion-1 emotion-2 emotion-3 fp-MenuItemIcon fp-Box fp-Icon"
      role="img"
      viewBox="0 0 0 0"
    />
    Delete
  </div>
</div>
`;

exports[`theming Menu.Group.styles.base should render correctly 1`] = `
.emotion-1 {
  margin: unset;
  padding: unset;
  border: unset;
  background: unset;
  font: unset;
  font-family: inherit;
  font-size: 100%;
  box-sizing: border-box;
}

.emotion-1:focus:not(:focus-visible) {
  outline: none;
}

.emotion-28 {
  padding: 0.5rem 0;
  width: 100%;
}

.emotion-4 {
  background-color: unset;
  cursor: pointer;
  display: block;
  font-weight: 600;
  padding: 0.375rem 1rem;
  text-align: left;
  width: 100%;
  -webkit-transition: background-color 0.1s;
  transition: background-color 0.1s;
}

a.emotion-4 {
  color: unset;
  fill: unset;
  -webkit-text-decoration: unset;
  text-decoration: unset;
}

a.emotion-4:hover {
  color: unset;
  fill: unset;
}

.emotion-4[disabled] {
  cursor: not-allowed;
  opacity: 0.5;
}

.emotion-4:not(:disabled):focus {
  outline: unset;
  background-color: #f7f7fa;
}

.emotion-4:not(:disabled):hover {
  background-color: #f7f7fa;
}

.emotion-4:not(:disabled):focus:active,
.emotion-4:not(:disabled):hover:active {
  background-color: #f2f2f5;
}

.emotion-4 .fp-Icon {
  vertical-align: -0.125em;
}

.emotion-3 {
  margin-right: 0.5rem;
}

.emotion-0 {
  fill: inherit;
  position: relative;
  height: 1em;
  width: 1em;
}

.emotion-27 {
  color: #da1717 !important;
}

<div
  class="emotion-28 emotion-1 emotion-2 fp-Box fp-Menu"
  role="menu"
>
  <div
    class="emotion-4 emotion-1 emotion-2 fp-Box fp-MenuItem"
    id="test"
    role="menuitem"
    tabindex="0"
  >
    <svg
      class="emotion-0 emotion-1 emotion-2 emotion-3 fp-MenuItemIcon fp-Box fp-Icon"
      role="img"
      viewBox="0 0 0 0"
    />
    Edit
  </div>
  <div
    class="emotion-4 emotion-1 emotion-2 fp-Box fp-MenuItem"
    id="test"
    role="menuitem"
    tabindex="0"
  >
    <svg
      class="emotion-0 emotion-1 emotion-2 emotion-3 fp-MenuItemIcon fp-Box fp-Icon"
      role="img"
      viewBox="0 0 0 0"
    />
    Share
  </div>
  <div
    class="emotion-4 emotion-1 emotion-2 fp-Box fp-MenuItem"
    id="test"
    role="menuitem"
    tabindex="0"
  >
    <svg
      class="emotion-0 emotion-1 emotion-2 emotion-3 fp-MenuItemIcon fp-Box fp-Icon"
      role="img"
      viewBox="0 0 0 0"
    />
    Rename
  </div>
  <div
    class="emotion-4 emotion-1 emotion-27 fp-Box fp-MenuItem"
    id="test"
    role="menuitem"
    tabindex="0"
  >
    <svg
      class="emotion-0 emotion-1 emotion-2 emotion-3 fp-MenuItemIcon fp-Box fp-Icon"
      role="img"
      viewBox="0 0 0 0"
    />
    Delete
  </div>
</div>
`;

exports[`theming Menu.Item.styles.base should render correctly 1`] = `
.emotion-1 {
  margin: unset;
  padding: unset;
  border: unset;
  background: unset;
  font: unset;
  font-family: inherit;
  font-size: 100%;
  box-sizing: border-box;
}

.emotion-1:focus:not(:focus-visible) {
  outline: none;
}

.emotion-28 {
  padding: 0.5rem 0;
  width: 100%;
}

.emotion-3 {
  margin-right: 0.5rem;
}

.emotion-0 {
  fill: inherit;
  position: relative;
  height: 1em;
  width: 1em;
}

.emotion-27 {
  color: #da1717 !important;
}

.emotion-4 {
  background-color: unset;
  cursor: pointer;
  display: block;
  font-weight: 600;
  padding: 0.375rem 1rem;
  text-align: left;
  width: 100%;
  -webkit-transition: background-color 0.1s;
  transition: background-color 0.1s;
}

a.emotion-4 {
  color: unset;
  fill: unset;
  -webkit-text-decoration: unset;
  text-decoration: unset;
}

a.emotion-4:hover {
  color: unset;
  fill: unset;
}

.emotion-4[disabled] {
  cursor: not-allowed;
  opacity: 0.5;
}

.emotion-4:not(:disabled):focus {
  outline: unset;
  background-color: #f7f7fa;
}

.emotion-4:not(:disabled):hover {
  background-color: #f7f7fa;
}

.emotion-4:not(:disabled):focus:active,
.emotion-4:not(:disabled):hover:active {
  background-color: #f2f2f5;
}

.emotion-4 .fp-Icon {
  vertical-align: -0.125em;
}

.emotion-4 {
  background-color: #ff0000;
}

<div
  class="emotion-28 emotion-1 emotion-2 fp-Box fp-Menu"
  role="menu"
>
  <div
    class="emotion-4 emotion-1 emotion-2 fp-Box fp-MenuItem"
    id="test"
    role="menuitem"
    tabindex="0"
  >
    <svg
      class="emotion-0 emotion-1 emotion-2 emotion-3 fp-MenuItemIcon fp-Box fp-Icon"
      role="img"
      viewBox="0 0 0 0"
    />
    Edit
  </div>
  <div
    class="emotion-4 emotion-1 emotion-2 fp-Box fp-MenuItem"
    id="test"
    role="menuitem"
    tabindex="0"
  >
    <svg
      class="emotion-0 emotion-1 emotion-2 emotion-3 fp-MenuItemIcon fp-Box fp-Icon"
      role="img"
      viewBox="0 0 0 0"
    />
    Share
  </div>
  <div
    class="emotion-4 emotion-1 emotion-2 fp-Box fp-MenuItem"
    id="test"
    role="menuitem"
    tabindex="0"
  >
    <svg
      class="emotion-0 emotion-1 emotion-2 emotion-3 fp-MenuItemIcon fp-Box fp-Icon"
      role="img"
      viewBox="0 0 0 0"
    />
    Rename
  </div>
  <div
    class="emotion-4 emotion-1 emotion-27 fp-Box fp-MenuItem"
    id="test"
    role="menuitem"
    tabindex="0"
  >
    <svg
      class="emotion-0 emotion-1 emotion-2 emotion-3 fp-MenuItemIcon fp-Box fp-Icon"
      role="img"
      viewBox="0 0 0 0"
    />
    Delete
  </div>
</div>
`;

exports[`theming Menu.styles.base should render correctly 1`] = `
.emotion-1 {
  margin: unset;
  padding: unset;
  border: unset;
  background: unset;
  font: unset;
  font-family: inherit;
  font-size: 100%;
  box-sizing: border-box;
}

.emotion-1:focus:not(:focus-visible) {
  outline: none;
}

.emotion-4 {
  background-color: unset;
  cursor: pointer;
  display: block;
  font-weight: 600;
  padding: 0.375rem 1rem;
  text-align: left;
  width: 100%;
  -webkit-transition: background-color 0.1s;
  transition: background-color 0.1s;
}

a.emotion-4 {
  color: unset;
  fill: unset;
  -webkit-text-decoration: unset;
  text-decoration: unset;
}

a.emotion-4:hover {
  color: unset;
  fill: unset;
}

.emotion-4[disabled] {
  cursor: not-allowed;
  opacity: 0.5;
}

.emotion-4:not(:disabled):focus {
  outline: unset;
  background-color: #f7f7fa;
}

.emotion-4:not(:disabled):hover {
  background-color: #f7f7fa;
}

.emotion-4:not(:disabled):focus:active,
.emotion-4:not(:disabled):hover:active {
  background-color: #f2f2f5;
}

.emotion-4 .fp-Icon {
  vertical-align: -0.125em;
}

.emotion-3 {
  margin-right: 0.5rem;
}

.emotion-0 {
  fill: inherit;
  position: relative;
  height: 1em;
  width: 1em;
}

.emotion-27 {
  color: #da1717 !important;
}

.emotion-28 {
  padding: 0.5rem 0;
  width: 100%;
}

.emotion-28 {
  background-color: #ff0000;
}

<div
  class="emotion-28 emotion-1 emotion-2 fp-Box fp-Menu"
  role="menu"
>
  <div
    class="emotion-4 emotion-1 emotion-2 fp-Box fp-MenuItem"
    id="test"
    role="menuitem"
    tabindex="0"
  >
    <svg
      class="emotion-0 emotion-1 emotion-2 emotion-3 fp-MenuItemIcon fp-Box fp-Icon"
      role="img"
      viewBox="0 0 0 0"
    />
    Edit
  </div>
  <div
    class="emotion-4 emotion-1 emotion-2 fp-Box fp-MenuItem"
    id="test"
    role="menuitem"
    tabindex="0"
  >
    <svg
      class="emotion-0 emotion-1 emotion-2 emotion-3 fp-MenuItemIcon fp-Box fp-Icon"
      role="img"
      viewBox="0 0 0 0"
    />
    Share
  </div>
  <div
    class="emotion-4 emotion-1 emotion-2 fp-Box fp-MenuItem"
    id="test"
    role="menuitem"
    tabindex="0"
  >
    <svg
      class="emotion-0 emotion-1 emotion-2 emotion-3 fp-MenuItemIcon fp-Box fp-Icon"
      role="img"
      viewBox="0 0 0 0"
    />
    Rename
  </div>
  <div
    class="emotion-4 emotion-1 emotion-27 fp-Box fp-MenuItem"
    id="test"
    role="menuitem"
    tabindex="0"
  >
    <svg
      class="emotion-0 emotion-1 emotion-2 emotion-3 fp-MenuItemIcon fp-Box fp-Icon"
      role="img"
      viewBox="0 0 0 0"
    />
    Delete
  </div>
</div>
`;
