// Jest Snapshot v1, https://goo.gl/fbAQLP

exports[`composition as should render correctly 1`] = `
.emotion-1 {
  margin: unset;
  padding: unset;
  border: unset;
  background: unset;
  font: unset;
  font-family: inherit;
  font-size: 100%;
  box-sizing: border-box;
}

.emotion-1:focus:not(:focus-visible) {
  outline: none;
}

.emotion-0 {
  display: inline;
}

<p
  class="emotion-0 emotion-1 emotion-2 fp-Box fp-Inline"
>
  Hello world
</p>
`;

exports[`composition hook should return with Inline props 1`] = `
Object {
  "className": "css-adelxu css-1pwrqjj css-1yuzjtp fp-Box fp-Inline",
}
`;

exports[`composition render props should render correctly 1`] = `
.emotion-1 {
  margin: unset;
  padding: unset;
  border: unset;
  background: unset;
  font: unset;
  font-family: inherit;
  font-size: 100%;
  box-sizing: border-box;
}

.emotion-1:focus:not(:focus-visible) {
  outline: none;
}

.emotion-0 {
  display: inline;
}

<div
  class="emotion-0 emotion-1 emotion-2 fp-Box fp-Inline"
>
  Hello world
</div>
`;

exports[`defaultProps should render correctly for className 1`] = `
.emotion-1 {
  margin: unset;
  padding: unset;
  border: unset;
  background: unset;
  font: unset;
  font-family: inherit;
  font-size: 100%;
  box-sizing: border-box;
}

.emotion-1:focus:not(:focus-visible) {
  outline: none;
}

.emotion-0 {
  display: inline;
}

<div
  class="emotion-0 emotion-1 emotion-2 test fp-Box fp-Inline"
>
  hello world
</div>
`;

exports[`props should render correctly 1`] = `
.emotion-1 {
  margin: unset;
  padding: unset;
  border: unset;
  background: unset;
  font: unset;
  font-family: inherit;
  font-size: 100%;
  box-sizing: border-box;
}

.emotion-1:focus:not(:focus-visible) {
  outline: none;
}

.emotion-0 {
  display: inline;
}

<div
  class="emotion-0 emotion-1 emotion-2 fp-Box fp-Inline"
>
  Hello world
</div>
`;

exports[`props should render correctly with CSS props 1`] = `
.emotion-1 {
  margin: unset;
  padding: unset;
  border: unset;
  background: unset;
  font: unset;
  font-family: inherit;
  font-size: 100%;
  box-sizing: border-box;
}

.emotion-1:focus:not(:focus-visible) {
  outline: none;
}

.emotion-0 {
  display: inline;
}

.emotion-2 {
  position: absolute !important;
  top: 0 !important;
}

<div
  class="emotion-0 emotion-1 emotion-2 fp-Box fp-Inline"
>
  Hello world
</div>
`;

exports[`theming Inline.root should render correctly 1`] = `
.emotion-1 {
  margin: unset;
  padding: unset;
  border: unset;
  background: unset;
  font: unset;
  font-family: inherit;
  font-size: 100%;
  box-sizing: border-box;
}

.emotion-1:focus:not(:focus-visible) {
  outline: none;
}

.emotion-0 {
  display: inline;
}

.emotion-0 {
  background-color: red;
}

<div
  class="emotion-0 emotion-1 emotion-2 fp-Box fp-Inline"
>
  hello world
</div>
`;
