// Jest Snapshot v1, https://goo.gl/fbAQLP

exports[`composition as should render correctly 1`] = `
.emotion-1 {
  margin: unset;
  padding: unset;
  border: unset;
  background: unset;
  font: unset;
  font-family: inherit;
  font-size: 100%;
  box-sizing: border-box;
}

.emotion-1:focus:not(:focus-visible) {
  outline: none;
}

.emotion-0 {
  display: inline-block;
}

<p
  class="emotion-0 emotion-1 emotion-2 fp-Box fp-InlineBlock"
>
  Hello world
</p>
`;

exports[`composition hook should return with InlineBlock props 1`] = `
Object {
  "className": "css-1cwcv4r css-4lfl7m css-1yuzjtp fp-Box fp-InlineBlock",
}
`;

exports[`composition render props should render correctly 1`] = `
.emotion-1 {
  margin: unset;
  padding: unset;
  border: unset;
  background: unset;
  font: unset;
  font-family: inherit;
  font-size: 100%;
  box-sizing: border-box;
}

.emotion-1:focus:not(:focus-visible) {
  outline: none;
}

.emotion-0 {
  display: inline-block;
}

<div
  class="emotion-0 emotion-1 emotion-2 fp-Box fp-InlineBlock"
>
  Hello world
</div>
`;

exports[`defaultProps should render correctly for className 1`] = `
.emotion-1 {
  margin: unset;
  padding: unset;
  border: unset;
  background: unset;
  font: unset;
  font-family: inherit;
  font-size: 100%;
  box-sizing: border-box;
}

.emotion-1:focus:not(:focus-visible) {
  outline: none;
}

.emotion-0 {
  display: inline-block;
}

<div
  class="emotion-0 emotion-1 emotion-2 test fp-Box fp-InlineBlock"
>
  hello world
</div>
`;

exports[`props should render correctly 1`] = `
.emotion-1 {
  margin: unset;
  padding: unset;
  border: unset;
  background: unset;
  font: unset;
  font-family: inherit;
  font-size: 100%;
  box-sizing: border-box;
}

.emotion-1:focus:not(:focus-visible) {
  outline: none;
}

.emotion-0 {
  display: inline-block;
}

<div
  class="emotion-0 emotion-1 emotion-2 fp-Box fp-InlineBlock"
>
  Hello world
</div>
`;

exports[`props should render correctly with CSS props 1`] = `
.emotion-1 {
  margin: unset;
  padding: unset;
  border: unset;
  background: unset;
  font: unset;
  font-family: inherit;
  font-size: 100%;
  box-sizing: border-box;
}

.emotion-1:focus:not(:focus-visible) {
  outline: none;
}

.emotion-0 {
  display: inline-block;
}

.emotion-2 {
  position: absolute !important;
  top: 0 !important;
}

<div
  class="emotion-0 emotion-1 emotion-2 fp-Box fp-InlineBlock"
>
  Hello world
</div>
`;

exports[`theming InlineBlock.base should render correctly 1`] = `
.emotion-1 {
  margin: unset;
  padding: unset;
  border: unset;
  background: unset;
  font: unset;
  font-family: inherit;
  font-size: 100%;
  box-sizing: border-box;
}

.emotion-1:focus:not(:focus-visible) {
  outline: none;
}

.emotion-0 {
  display: inline-block;
}

.emotion-0.emotion-0 {
  background-color: #ff0000;
}

<div
  class="emotion-0 emotion-1 emotion-2 fp-Box fp-InlineBlock"
>
  hello world
</div>
`;
